This is pdfTeX, Version 3.141592653-2.6-1.40.29 (MiKTeX 26.5) (preloaded format=pdflatex 2026.5.29)  4 JUL 2026 10:45
entering extended mode
 restricted \write18 enabled.
 file:line:error style messages enabled.
 %&-line parsing enabled.
**"c:/Users/meper/Desktop/Proyecto de Grado/Tesis/Documento-de-Tesis-Latex/upbthesis.tex"
(c:/Users/meper/Desktop/Proyecto de Grado/Tesis/Documento-de-Tesis-Latex/upbthesis.tex
LaTeX2e <2025-11-01>
L3 programming layer <2026-04-28>
(ieee_upb.cls

LaTeX Warning: You have requested document class `ieee_upb',
               but the document class provides `ieeeupb'.

Document Class: ieeeupb 2025/04/27 Clase de documento para trabajos de grado IEEE UPB
(C:\Program Files\MiKTeX\tex/latex/base\article.cls
Document Class: article 2025/01/22 v1.4n Standard LaTeX document class
(C:\Program Files\MiKTeX\tex/latex/base\size12.clo
File: size12.clo 2025/01/22 v1.4n Standard LaTeX file (size option)
)
\c@part=\count276
\c@section=\count277
\c@subsection=\count278
\c@subsubsection=\count279
\c@paragraph=\count280
\c@subparagraph=\count281
\c@figure=\count282
\c@table=\count283
\abovecaptionskip=\skip49
\belowcaptionskip=\skip50
\bibindent=\dimen150
) (C:\Program Files\MiKTeX\tex/latex/base\inputenc.sty
Package: inputenc 2024/02/08 v1.3d Input encoding file
\inpenc@prehook=\toks17
\inpenc@posthook=\toks18
) (C:\Program Files\MiKTeX\tex/latex/base\fontenc.sty
Package: fontenc 2025/07/18 v2.1d Standard LaTeX package
) (C:\Program Files\MiKTeX\tex/latex/psnfss\times.sty
Package: times 2020/03/25 PSNFSS-v9.3 (SPQR) 
) (C:\Program Files\MiKTeX\tex/latex/geometry\geometry.sty
Package: geometry 2026/03/07 v6.0 Page Geometry
 (C:\Program Files\MiKTeX\tex/latex/graphics\keyval.sty
Package: keyval 2022/05/29 v1.15 key=value parser (DPC)
\KV@toks@=\toks19
) (C:\Program Files\MiKTeX\tex/generic/iftex\ifvtex.sty
Package: ifvtex 2019/10/25 v1.7 ifvtex legacy package. Use iftex instead.
 (C:\Program Files\MiKTeX\tex/generic/iftex\iftex.sty
Package: iftex 2024/12/12 v1.0g TeX engine tests
))
\Gm@cnth=\count284
\Gm@cntv=\count285
\c@Gm@tempcnt=\count286
\Gm@bindingoffset=\dimen151
\Gm@wd@mp=\dimen152
\Gm@odd@mp=\dimen153
\Gm@even@mp=\dimen154
\Gm@layoutwidth=\dimen155
\Gm@layoutheight=\dimen156
\Gm@layouthoffset=\dimen157
\Gm@layoutvoffset=\dimen158
\Gm@dimlist=\toks20
 (C:\Program Files\MiKTeX\tex/latex/geometry\geometry.cfg)) (C:\Program Files\MiKTeX\tex/latex/titlesec\titlesec.sty
Package: titlesec 2025/01/04 v2.17 Sectioning titles
\ttl@box=\box53
\beforetitleunit=\skip51
\aftertitleunit=\skip52
\ttl@plus=\dimen159
\ttl@minus=\dimen160
\ttl@toksa=\toks21
\titlewidth=\dimen161
\titlewidthlast=\dimen162
\titlewidthfirst=\dimen163
) (C:\Program Files\MiKTeX\tex/latex/titlesec\titletoc.sty
Package: titletoc 2025/01/04 v2.17 TOC entries
\ttl@leftsep=\dimen164
) (C:\Program Files\MiKTeX\tex/latex/fancyhdr\fancyhdr.sty
Package: fancyhdr 2025/02/07 v5.2 Extensive control of page headers and footers
\f@nch@headwidth=\skip53
\f@nch@offset@elh=\skip54
\f@nch@offset@erh=\skip55
\f@nch@offset@olh=\skip56
\f@nch@offset@orh=\skip57
\f@nch@offset@elf=\skip58
\f@nch@offset@erf=\skip59
\f@nch@offset@olf=\skip60
\f@nch@offset@orf=\skip61
\f@nch@height=\skip62
\f@nch@footalignment=\skip63
\f@nch@widthL=\skip64
\f@nch@widthC=\skip65
\f@nch@widthR=\skip66
\@temptokenb=\toks22
) (C:\Program Files\MiKTeX\tex/latex/graphics\graphicx.sty
Package: graphicx 2024/12/31 v1.2e Enhanced LaTeX Graphics (DPC,SPQR)
 (C:\Program Files\MiKTeX\tex/latex/graphics\graphics.sty
Package: graphics 2024/08/06 v1.4g Standard LaTeX Graphics (DPC,SPQR)
 (C:\Program Files\MiKTeX\tex/latex/graphics\trig.sty
Package: trig 2023/12/02 v1.11 sin cos tan (DPC)
) (C:\Program Files\MiKTeX\tex/latex/graphics-cfg\graphics.cfg
File: graphics.cfg 2016/06/04 v1.11 sample graphics configuration
)
Package graphics Info: Driver file: pdftex.def on input line 106.
 (C:\Program Files\MiKTeX\tex/latex/graphics-def\pdftex.def
File: pdftex.def 2025/09/29 v1.2d Graphics/color driver for pdftex
))
\Gin@req@height=\dimen165
\Gin@req@width=\dimen166
) (C:\Program Files\MiKTeX\tex/latex/caption\caption.sty
Package: caption 2023/08/05 v3.6o Customizing captions (AR)
 (C:\Program Files\MiKTeX\tex/latex/caption\caption3.sty
Package: caption3 2023/07/31 v2.4d caption3 kernel (AR)
\caption@tempdima=\dimen167
\captionmargin=\dimen168
\caption@leftmargin=\dimen169
\caption@rightmargin=\dimen170
\caption@width=\dimen171
\caption@indent=\dimen172
\caption@parindent=\dimen173
\caption@hangindent=\dimen174
Package caption Info: Standard document class detected.
)
\c@caption@flags=\count287
\c@continuedfloat=\count288
) (C:\Program Files\MiKTeX\tex/latex/tools\array.sty
Package: array 2025/09/25 v2.6n Tabular extension package (FMi)
\col@sep=\dimen175
\ar@mcellbox=\box54
\extrarowheight=\dimen176
\NC@list=\toks23
\extratabsurround=\skip67
\backup@length=\skip68
\ar@cellbox=\box55
) (C:\Program Files\MiKTeX\tex/latex/enumitem\enumitem.sty
Package: enumitem 2025/02/06 v3.11 Customized lists
\labelindent=\skip69
\enit@outerparindent=\dimen177
\enit@toks=\toks24
\enit@inbox=\box56
\enit@count@id=\count289
\enitdp@description=\count290
) (C:\Program Files\MiKTeX\tex/latex/hyperref\hyperref.sty
Package: hyperref 2026-04-24 v7.01q Hypertext links for LaTeX
 (C:\Program Files\MiKTeX\tex/latex/kvsetkeys\kvsetkeys.sty
Package: kvsetkeys 2022-10-05 v1.19 Key value parser (HO)
) (C:\Program Files\MiKTeX\tex/generic/kvdefinekeys\kvdefinekeys.sty
Package: kvdefinekeys 2019-12-19 v1.6 Define keys (HO)
) (C:\Program Files\MiKTeX\tex/generic/pdfescape\pdfescape.sty
Package: pdfescape 2019/12/09 v1.15 Implements pdfTeX's escape features (HO)
 (C:\Program Files\MiKTeX\tex/generic/ltxcmds\ltxcmds.sty
Package: ltxcmds 2023-12-04 v1.26 LaTeX kernel commands for general use (HO)
) (C:\Program Files\MiKTeX\tex/generic/pdftexcmds\pdftexcmds.sty
Package: pdftexcmds 2020-06-27 v0.33 Utility functions of pdfTeX for LuaTeX (HO)
 (C:\Program Files\MiKTeX\tex/generic/infwarerr\infwarerr.sty
Package: infwarerr 2019/12/03 v1.5 Providing info/warning/error messages (HO)
)
Package pdftexcmds Info: \pdf@primitive is available.
Package pdftexcmds Info: \pdf@ifprimitive is available.
Package pdftexcmds Info: \pdfdraftmode found.
)) (C:\Program Files\MiKTeX\tex/latex/hycolor\hycolor.sty
Package: hycolor 2020-01-27 v1.10 Color options for hyperref/bookmark (HO)
) (C:\Program Files\MiKTeX\tex/latex/hyperref\nameref.sty
Package: nameref 2026-01-29 v2.58 Cross-referencing by name of section
 (C:\Program Files\MiKTeX\tex/latex/refcount\refcount.sty
Package: refcount 2019/12/15 v3.6 Data extraction from label references (HO)
) (C:\Program Files\MiKTeX\tex/generic/gettitlestring\gettitlestring.sty
Package: gettitlestring 2019/12/15 v1.6 Cleanup title references (HO)
 (C:\Program Files\MiKTeX\tex/latex/kvoptions\kvoptions.sty
Package: kvoptions 2022-06-15 v3.15 Key value format for package options (HO)
))
\c@section@level=\count291
) (C:\Program Files\MiKTeX\tex/latex/etoolbox\etoolbox.sty
Package: etoolbox 2025/10/02 v2.5m e-TeX tools for LaTeX (JAW)
\etb@tempcnta=\count292
) (C:\Program Files\MiKTeX\tex/generic/stringenc\stringenc.sty
Package: stringenc 2019/11/29 v1.12 Convert strings between diff. encodings (HO)
)
\@linkdim=\dimen178
\Hy@linkcounter=\count293
\Hy@pagecounter=\count294
 (C:\Program Files\MiKTeX\tex/latex/hyperref\pd1enc.def
File: pd1enc.def 2026-04-24 v7.01q Hyperref: PDFDocEncoding definition (HO)
Now handling font encoding PD1 ...
... no UTF-8 mapping file for font encoding PD1
) (C:\Program Files\MiKTeX\tex/generic/intcalc\intcalc.sty
Package: intcalc 2019/12/15 v1.3 Expandable calculations with integers (HO)
)
\Hy@SavedSpaceFactor=\count295
 (C:\Program Files\MiKTeX\tex/latex/hyperref\puenc.def
File: puenc.def 2026-04-24 v7.01q Hyperref: PDF Unicode definition (HO)
Now handling font encoding PU ...
... no UTF-8 mapping file for font encoding PU
)
Package hyperref Info: Hyper figures OFF on input line 4199.
Package hyperref Info: Link nesting OFF on input line 4204.
Package hyperref Info: Hyper index ON on input line 4207.
Package hyperref Info: Plain pages OFF on input line 4214.
Package hyperref Info: Backreferencing OFF on input line 4219.
Package hyperref Info: Implicit mode ON; LaTeX internals redefined.
Package hyperref Info: Bookmarks ON on input line 4466.
\c@Hy@tempcnt=\count296
 (C:\Program Files\MiKTeX\tex/latex/url\url.sty
\Urlmuskip=\muskip17
Package: url 2013/09/16  ver 3.4  Verb mode for urls, etc.
)
LaTeX Info: Redefining \url on input line 4805.
\XeTeXLinkMargin=\dimen179
 (C:\Program Files\MiKTeX\tex/generic/bitset\bitset.sty
Package: bitset 2019/12/09 v1.3 Handle bit-vector datatype (HO)
 (C:\Program Files\MiKTeX\tex/generic/bigintcalc\bigintcalc.sty
Package: bigintcalc 2019/12/15 v1.5 Expandable calculations on big integers (HO)
))
\Fld@menulength=\count297
\Field@Width=\dimen180
\Fld@charsize=\dimen181
Package hyperref Info: Hyper figures OFF on input line 6091.
Package hyperref Info: Link nesting OFF on input line 6096.
Package hyperref Info: Hyper index ON on input line 6099.
Package hyperref Info: backreferencing OFF on input line 6106.
Package hyperref Info: Link coloring OFF on input line 6111.
Package hyperref Info: Link coloring with OCG OFF on input line 6116.
Package hyperref Info: PDF/A mode OFF on input line 6121.
\Hy@abspage=\count298
\c@Item=\count299
\c@Hfootnote=\count300
)
Package hyperref Info: Driver (autodetected): hpdftex.
 (C:\Program Files\MiKTeX\tex/latex/hyperref\hpdftex.def
File: hpdftex.def 2026-04-24 v7.01q Hyperref driver for pdfTeX
\Fld@listcount=\count301
\c@bookmark@seq@number=\count302
 (C:\Program Files\MiKTeX\tex/latex/rerunfilecheck\rerunfilecheck.sty
Package: rerunfilecheck 2025-06-21 v1.11 Rerun checks for auxiliary files (HO)
 (C:\Program Files\MiKTeX\tex/generic/uniquecounter\uniquecounter.sty
Package: uniquecounter 2019/12/15 v1.4 Provide unlimited unique counter (HO)
)
Package uniquecounter Info: New unique counter `rerunfilecheck' on input line 284.
)
\Hy@SectionHShift=\skip70
) (C:\Program Files\MiKTeX\tex/latex/tools\indentfirst.sty
Package: indentfirst 2023/07/02 v1.03 Indent first paragraph (DPC)
) (C:\Program Files\MiKTeX\tex/latex/setspace\setspace.sty
Package: setspace 2022/12/04 v6.7b set line spacing
) (C:\Program Files\MiKTeX\tex/latex/pdfpages\pdfpages.sty
Package: pdfpages 2026/03/30 v0.6h Insert pages of external PDF documents (AM)
 (C:\Program Files\MiKTeX\tex/latex/base\ifthen.sty
Package: ifthen 2024/03/16 v1.1e Standard LaTeX ifthen package (DPC)
) (C:\Program Files\MiKTeX\tex/latex/tools\calc.sty
Package: calc 2025/03/01 v4.3b Infix arithmetic (KKT,FJ)
\calc@Acount=\count303
\calc@Bcount=\count304
\calc@Adimen=\dimen182
\calc@Bdimen=\dimen183
\calc@Askip=\skip71
\calc@Bskip=\skip72
LaTeX Info: Redefining \setlength on input line 86.
LaTeX Info: Redefining \addtolength on input line 87.
\calc@Ccount=\count305
\calc@Cskip=\skip73
) (C:\Program Files\MiKTeX\tex/latex/eso-pic\eso-pic.sty
Package: eso-pic 2025/12/10 v3.0d eso-pic (RN)
\ESO@tempdima=\dimen184
\ESO@tempdimb=\dimen185
 (C:\Program Files\MiKTeX\tex/latex/xcolor\xcolor.sty
Package: xcolor 2024/09/29 v3.02 LaTeX color extensions (UK)
 (C:\Program Files\MiKTeX\tex/latex/graphics-cfg\color.cfg
File: color.cfg 2016/01/02 v1.6 sample color configuration
)
Package xcolor Info: Driver file: pdftex.def on input line 274.
 (C:\Program Files\MiKTeX\tex/latex/graphics\mathcolor.ltx)
Package xcolor Info: Model `cmy' substituted by `cmy0' on input line 1349.
Package xcolor Info: Model `hsb' substituted by `rgb' on input line 1353.
Package xcolor Info: Model `RGB' extended on input line 1365.
Package xcolor Info: Model `HTML' substituted by `rgb' on input line 1367.
Package xcolor Info: Model `Hsb' substituted by `hsb' on input line 1368.
Package xcolor Info: Model `tHsb' substituted by `hsb' on input line 1369.
Package xcolor Info: Model `HSB' substituted by `hsb' on input line 1370.
Package xcolor Info: Model `Gray' substituted by `gray' on input line 1371.
Package xcolor Info: Model `wave' substituted by `hsb' on input line 1372.
))
\AM@pagewidth=\dimen186
\AM@pageheight=\dimen187
\AM@fboxrule=\dimen188
 (C:\Program Files\MiKTeX\tex/latex/pdfpages\pppdftex.def
File: pppdftex.def 2026/03/30 v0.6h Pdfpages driver for pdfTeX (AM)
)
\pdfpages@includegraphics@status=\count306
\AM@pagebox=\box57
\AM@global@opts=\toks25
\AM@pagecnt=\count307
\AM@toc@title=\toks26
\AM@lof@heading=\toks27
\c@AM@survey=\count308
\AM@templatesizebox=\box58
) (C:\Program Files\MiKTeX\tex/latex/tocloft\tocloft.sty
Package: tocloft 2017/08/31 v2.3i parameterised ToC, etc., typesetting
Package tocloft Info: The document has section divisions on input line 51.
\cftparskip=\skip74
\cftbeforetoctitleskip=\skip75
\cftaftertoctitleskip=\skip76
\cftbeforepartskip=\skip77
\cftpartnumwidth=\skip78
\cftpartindent=\skip79
\cftbeforesecskip=\skip80
\cftsecindent=\skip81
\cftsecnumwidth=\skip82
\cftbeforesubsecskip=\skip83
\cftsubsecindent=\skip84
\cftsubsecnumwidth=\skip85
\cftbeforesubsubsecskip=\skip86
\cftsubsubsecindent=\skip87
\cftsubsubsecnumwidth=\skip88
\cftbeforeparaskip=\skip89
\cftparaindent=\skip90
\cftparanumwidth=\skip91
\cftbeforesubparaskip=\skip92
\cftsubparaindent=\skip93
\cftsubparanumwidth=\skip94
\cftbeforeloftitleskip=\skip95
\cftafterloftitleskip=\skip96
\cftbeforefigskip=\skip97
\cftfigindent=\skip98
\cftfignumwidth=\skip99
\c@lofdepth=\count309
\c@lotdepth=\count310
\cftbeforelottitleskip=\skip100
\cftafterlottitleskip=\skip101
\cftbeforetabskip=\skip102
\cfttabindent=\skip103
\cfttabnumwidth=\skip104
) (C:\Program Files\MiKTeX\tex/generic/babel\babel.sty
Package: babel 2026/05/20 v26.8 The multilingual framework for LuaLaTeX, pdfLaTeX and XeLaTeX
\babel@savecnt=\count311
LaTeX Encoding Info:    Redeclaring text command \ij (encoding OT1) on input line 2084.
LaTeX Encoding Info:    Redeclaring text command \IJ (encoding OT1) on input line 2086.
LaTeX Encoding Info:    Redeclaring text command \ij (encoding T1) on input line 2088.
LaTeX Encoding Info:    Redeclaring text command \IJ (encoding T1) on input line 2089.
LaTeX Encoding Info:    Ignoring declaration for text command \ij (encoding ?) on input line 2090.
LaTeX Encoding Info:    Ignoring declaration for text command \IJ (encoding ?) on input line 2092.
LaTeX Encoding Info:    Ignoring declaration for text command \SS (encoding ?) on input line 2117.
\U@D=\dimen189
\l@unhyphenated=\language79
 (C:\Program Files\MiKTeX\tex/generic/babel\txtbabel.def)
\bbl@readstream=\read2
\bbl@dirlevel=\count312
Package babel Info: Configuration files are deprecated, as
(babel)             they can break document portability.
(babel)             Reported on input line 4228.

*************************************
* Local config file bblopts.cfg used
*
(C:\Program Files\MiKTeX\tex/latex/arabi\bblopts.cfg
File: bblopts.cfg 2005/09/08 v0.1 add Arabic and Farsi to "declared" options of babel
) (C:\Program Files\MiKTeX\tex/generic/babel/locale/es\babel-spanish.tex)
Package babel Info: Importing font and identification data for spanish
(babel)             from babel-es.ini. Reported on input line 4356.
 (C:\Program Files\MiKTeX\tex/latex/babel-spanish\spanish.ldf
Language: spanish.ldf 2021/05/27 v5.0q Spanish support from the babel system
\es@quottoks=\toks28
\es@quotdepth=\count313
Package babel Info: Making " an active character on input line 570.
Package babel Info: Making . an active character on input line 675.
Package babel Info: Making < an active character on input line 722.
Package babel Info: Making > an active character on input line 722.
))
LaTeX Encoding Info:    Redeclaring text command \guillemotleft (encoding OT1) on input line 25.
LaTeX Encoding Info:    Redeclaring text command \guillemotright (encoding OT1) on input line 25.
 (C:\Program Files\MiKTeX\tex/latex/cite\cite.sty
LaTeX Info: Redefining \cite on input line 302.
LaTeX Info: Redefining \nocite on input line 332.
Package: cite 2015/02/27  v 5.5
) (C:\Program Files\MiKTeX\tex/latex/dirtytalk\dirtytalk.sty
Package: dirtytalk 2010/11/21 A package making "quoting" easier
\c@dirtytalk@qdepth=\count314
) (C:\Program Files\MiKTeX\tex/latex/comment\comment.sty
\CommentStream=\write3
 Excluding comment 'comment') (C:\Program Files\MiKTeX\tex/latex/graphics\rotating.sty
Package: rotating 2025/01/14 v2.16e rotated objects in LaTeX
\c@r@tfl@t=\count315
\rotFPtop=\skip105
\rotFPbot=\skip106
\rot@float@box=\box59
\rot@mess@toks=\toks29
) (C:\Program Files\MiKTeX\tex/latex/amsfonts\amsfonts.sty
Package: amsfonts 2013/01/14 v3.01 Basic AMSFonts support
\@emptytoks=\toks30
\symAMSa=\mathgroup4
\symAMSb=\mathgroup5
LaTeX Font Info:    Redeclaring math symbol \hbar on input line 98.
LaTeX Font Info:    Overwriting math alphabet `\mathfrak' in version `bold'
(Font)                  U/euf/m/n --> U/euf/b/n on input line 106.
) (C:\Program Files\MiKTeX\tex/latex/amsmath\amsmath.sty
Package: amsmath 2025/07/09 v2.17z AMS math features
\@mathmargin=\skip107

For additional information on amsmath, use the `?' option.
(C:\Program Files\MiKTeX\tex/latex/amsmath\amstext.sty
Package: amstext 2024/11/17 v2.01 AMS text
 (C:\Program Files\MiKTeX\tex/latex/amsmath\amsgen.sty
File: amsgen.sty 1999/11/30 v2.0 generic functions
\@emptytoks=\toks31
\ex@=\dimen190
)) (C:\Program Files\MiKTeX\tex/latex/amsmath\amsbsy.sty
Package: amsbsy 1999/11/29 v1.2d Bold Symbols
\pmbraise@=\dimen191
) (C:\Program Files\MiKTeX\tex/latex/amsmath\amsopn.sty
Package: amsopn 2022/04/08 v2.04 operator names
)
\inf@bad=\count316
LaTeX Info: Redefining \frac on input line 233.
\uproot@=\count317
\leftroot@=\count318
LaTeX Info: Redefining \overline on input line 398.
LaTeX Info: Redefining \colon on input line 409.
\classnum@=\count319
\DOTSCASE@=\count320
LaTeX Info: Redefining \ldots on input line 495.
LaTeX Info: Redefining \dots on input line 498.
LaTeX Info: Redefining \cdots on input line 619.
\Mathstrutbox@=\box60
\strutbox@=\box61
LaTeX Info: Redefining \big on input line 721.
LaTeX Info: Redefining \Big on input line 722.
LaTeX Info: Redefining \bigg on input line 723.
LaTeX Info: Redefining \Bigg on input line 724.
\big@size=\dimen192
LaTeX Font Info:    Redeclaring font encoding OML on input line 742.
LaTeX Font Info:    Redeclaring font encoding OMS on input line 743.
\macc@depth=\count321
LaTeX Info: Redefining \bmod on input line 904.
LaTeX Info: Redefining \pmod on input line 909.
LaTeX Info: Redefining \smash on input line 939.
LaTeX Info: Redefining \relbar on input line 969.
LaTeX Info: Redefining \Relbar on input line 970.
\c@MaxMatrixCols=\count322
\dotsspace@=\muskip18
\c@parentequation=\count323
\dspbrk@lvl=\count324
\tag@help=\toks32
\row@=\count325
\column@=\count326
\maxfields@=\count327
\andhelp@=\toks33
\eqnshift@=\dimen193
\alignsep@=\dimen194
\tagshift@=\dimen195
\tagwidth@=\dimen196
\totwidth@=\dimen197
\lineht@=\dimen198
\@envbody=\toks34
\multlinegap=\skip108
\multlinetaggap=\skip109
\mathdisplay@stack=\toks35
LaTeX Info: Redefining \[ on input line 2950.
LaTeX Info: Redefining \] on input line 2951.
) (C:\Program Files\MiKTeX\tex/latex/float\float.sty
Package: float 2001/11/08 v1.3d Float enhancements (AL)
\c@float@type=\count328
\float@exts=\toks36
\float@box=\box62
\@float@everytoks=\toks37
\@floatcapt=\box63
) (C:\Program Files\MiKTeX\tex/latex/makecell\makecell.sty
Package: makecell 2009/08/03 V0.1e Managing of Tab Column Heads and Cells
\rotheadsize=\dimen199
\c@nlinenum=\count329
\TeXr@lab=\toks38
) (C:\Program Files\MiKTeX\tex/latex/listings\listings.sty
\lst@mode=\count330
\lst@gtempboxa=\box64
\lst@token=\toks39
\lst@length=\count331
\lst@currlwidth=\dimen256
\lst@column=\count332
\lst@pos=\count333
\lst@lostspace=\dimen257
\lst@width=\dimen258
\lst@newlines=\count334
\lst@lineno=\count335
\lst@maxwidth=\dimen259
 (C:\Program Files\MiKTeX\tex/latex/listings\lstpatch.sty
File: lstpatch.sty 2025/11/14 1.11b (Carsten Heinz)
) (C:\Program Files\MiKTeX\tex/latex/listings\lstmisc.sty
File: lstmisc.sty 2025/11/14 1.11b (Carsten Heinz)
\c@lstnumber=\count336
\lst@skipnumbers=\count337
\lst@framebox=\box65
) (C:\Program Files\MiKTeX\tex/latex/listings\listings.cfg
File: listings.cfg 2025/11/14 1.11b listings configuration
))
Package: listings 2025/11/14 1.11b (Carsten Heinz)

==> First Aid for listings.sty no longer applied!
    Expected:
        2024/09/23 1.10c (Carsten Heinz)
    but found:
        2025/11/14 1.11b (Carsten Heinz)
    so I'm assuming it got fixed.
(C:\Program Files\MiKTeX\tex/latex/graphics\lscape.sty
Package: lscape 2020/05/28 v3.02 Landscape Pages (DPC)
) (C:\Program Files\MiKTeX\tex/latex/tools\tabularx.sty
Package: tabularx 2023/12/11 v2.12a `tabularx' package (DPC)
\TX@col@width=\dimen260
\TX@old@table=\dimen261
\TX@old@col=\dimen262
\TX@target=\dimen263
\TX@delta=\dimen264
\TX@cols=\count338
\TX@ftn=\toks40
) (C:\Program Files\MiKTeX\tex/latex/booktabs\booktabs.sty
Package: booktabs 2020/01/12 v1.61803398 Publication quality tables
\heavyrulewidth=\dimen265
\lightrulewidth=\dimen266
\cmidrulewidth=\dimen267
\belowrulesep=\dimen268
\belowbottomsep=\dimen269
\aboverulesep=\dimen270
\abovetopsep=\dimen271
\cmidrulesep=\dimen272
\cmidrulekern=\dimen273
\defaultaddspace=\dimen274
\@cmidla=\count339
\@cmidlb=\count340
\@aboverulesep=\dimen275
\@belowrulesep=\dimen276
\@thisruleclass=\count341
\@lastruleclass=\count342
\@thisrulewidth=\dimen277
) (C:\Program Files\MiKTeX\tex/latex/lipsum\lipsum.sty (C:\Program Files\MiKTeX\tex/latex/l3packages/l3keys2e\l3keys2e.sty (C:\Program Files\MiKTeX\tex/latex/l3kernel\expl3.sty
Package: expl3 2026-04-28 L3 programming layer (loader) 
 (C:\Program Files\MiKTeX\tex/latex/l3backend\l3backend-pdftex.def
File: l3backend-pdftex.def 2026-02-18 L3 backend support: PDF output (pdfTeX)
\l__color_backend_stack_int=\count343
))
Package: l3keys2e 2025-10-09 LaTeX2e option processing using LaTeX3 keys
)
Package: lipsum 2021-09-20 v2.7 150 paragraphs of Lorem Ipsum dummy text
\g__lipsum_par_int=\count344
\l__lipsum_a_int=\count345
\l__lipsum_b_int=\count346
 (C:\Program Files\MiKTeX\tex/latex/lipsum\lipsum.ltd.tex)) (C:\Program Files\MiKTeX\tex/latex/hyphenat\hyphenat.sty
Package: hyphenat 2009/09/02 v2.3c hyphenation utilities


Package hyphenat Warning: *******************************
(hyphenat)                * You have used the htt option.
(hyphenat)                * You are likely to get many Font Warning messages.
(hyphenat)                * These can usually be ignored.
(hyphenat)                *******************************.

\langwohyphens=\language80
LaTeX Info: Redefining \_ on input line 43.
)
Package hyperref Info: Option `colorlinks' set `true' on input line 56.
Package hyperref Info: Option `colorlinks' set `true' on input line 252.
) (C:\Program Files\MiKTeX\tex/latex/layouts\layouts.sty
Package: layouts 2009/09/02 v2.6d graphical depiction of document elements
\l@ylen=\skip110
\layoutsbox=\box66
\l@youtunitlength=\skip111
\l@youtlinethick=\skip112
\l@youtlinethickii=\skip113
\l@ysetupparskip=\skip114
\l@ysetupbaselineskip=\skip115
\l@yonem=\skip116
\l@yonex=\skip117
\l@ylmarg=\skip118
\l@yrmarg=\skip119
\l@yitmindent=\skip120
\l@ylblwidth=\skip121
\l@ylblsep=\skip122
\l@ylparindent=\skip123
\l@ytsep=\skip124
\l@ypskip=\skip125
\l@yptsep=\skip126
\l@ypsep=\skip127
\l@yitmsep=\skip128
\l@ytok=\toks41
\l@youtpw=\count347
\l@youtph=\count348
\l@youthpi=\count349
\l@youthpii=\count350
\l@youthpiii=\count351
\l@youthpiv=\count352
\l@youthpv=\count353
\l@youthpvi=\count354
\l@youthpvii=\count355
\l@youtparskip=\count356
\l@youtvpi=\count357
\l@youtvpii=\count358
\l@youtvpiii=\count359
\l@youtvpiv=\count360
\l@youtvpv=\count361
\l@youtvpvi=\count362
\l@youtvpvii=\count363
\l@youthdo=\count364
\l@youthdi=\count365
\l@youthdii=\count366
\l@youthdiii=\count367
\l@youthdiv=\count368
\l@youthdv=\count369
\l@youthdvi=\count370
\l@youthdvii=\count371
\l@youtvdo=\count372
\l@youtvdi=\count373
\l@youtvdii=\count374
\l@youtvdiii=\count375
\l@youtvdiv=\count376
\l@youtvdv=\count377
\l@youtvdvi=\count378
\l@youtvdvii=\count379
\l@youtvdviii=\count380
\l@youtxci=\count381
\l@youtxcii=\count382
\l@youtxciii=\count383
\l@youtxciv=\count384
\l@youtxcv=\count385
\l@youtxcvi=\count386
\l@youtyci=\count387
\l@youtycii=\count388
\l@youtyciii=\count389
\l@youtyciv=\count390
\l@youtycv=\count391
\l@youtycvi=\count392
\l@youtycvii=\count393
\l@youtycviii=\count394
\l@youtxco=\count395
\l@youtyco=\count396
\l@ytempdima=\skip129
\trimedge=\skip130
\trimtop=\skip131
\uppermargin=\skip132
\spinemargin=\skip133
) (C:\Program Files\MiKTeX\tex/latex/tools\longtable.sty
Package: longtable 2025-10-13 v4.24 Multi-page Table package (DPC)
\LTleft=\skip134
\LTright=\skip135
\LTpre=\skip136
\LTpost=\skip137
\LTchunksize=\count397
\LTcapwidth=\dimen278
\LT@head=\box67
\LT@firsthead=\box68
\LT@foot=\box69
\LT@lastfoot=\box70
\LT@gbox=\box71
\LT@cols=\count398
\LT@rows=\count399
\c@LT@tables=\count400
\c@LT@chunks=\count401
\LT@p@ftn=\toks42
) (C:\Program Files\MiKTeX\tex/latex/pdflscape\pdflscape.sty
Package: pdflscape 2022-10-27 v0.13 Display of landscape pages in PDF
 (C:\Program Files\MiKTeX\tex/latex/pdflscape\pdflscape-nometadata.sty
Package: pdflscape-nometadata 2022-10-28 v0.13 Display of landscape pages in PDF (HO)
Package pdflscape Info: Auto-detected driver: pdftex on input line 81.
)) (C:\Program Files\MiKTeX\tex/latex/colortbl\colortbl.sty
Package: colortbl 2026/05/01 v1.0l Color table columns (DPC)
\everycr=\toks43
\minrowclearance=\skip138
\rownum=\count402
)
Package hyperref Info: Option `colorlinks' set `true' on input line 19.
LaTeX Font Info:    Trying to load font information for T1+ptm on input line 37.
 (C:\Program Files\MiKTeX\tex/latex/psnfss\t1ptm.fd
File: t1ptm.fd 2001/06/04 font definitions for T1/ptm.
) (c:\Users\meper\Desktop\Proyecto de Grado\Tesis\Documento-de-Tesis-Latex\build\upbthesis.aux
LaTeX Info: Redefining \. on input line 11.
LaTeX Info: Redefining \% on input line 11.
Package babel Info: 'spanish' activates 'spanish' shorthands.
(babel)             Reported on input line 11.
 (c:\Users\meper\Desktop\Proyecto de Grado\Tesis\Documento-de-Tesis-Latex\build\diagramas-uml-section.aux))
\openout1 = `upbthesis.aux'.

LaTeX Font Info:    Checking defaults for OML/cmm/m/it on input line 37.
LaTeX Font Info:    ... okay on input line 37.
LaTeX Font Info:    Checking defaults for OMS/cmsy/m/n on input line 37.
LaTeX Font Info:    ... okay on input line 37.
LaTeX Font Info:    Checking defaults for OT1/cmr/m/n on input line 37.
LaTeX Font Info:    ... okay on input line 37.
LaTeX Font Info:    Checking defaults for T1/cmr/m/n on input line 37.
LaTeX Font Info:    ... okay on input line 37.
LaTeX Font Info:    Checking defaults for TS1/cmr/m/n on input line 37.
LaTeX Font Info:    ... okay on input line 37.
LaTeX Font Info:    Checking defaults for OMX/cmex/m/n on input line 37.
LaTeX Font Info:    ... okay on input line 37.
LaTeX Font Info:    Checking defaults for U/cmr/m/n on input line 37.
LaTeX Font Info:    ... okay on input line 37.
LaTeX Font Info:    Checking defaults for PD1/pdf/m/n on input line 37.
LaTeX Font Info:    ... okay on input line 37.
LaTeX Font Info:    Checking defaults for PU/pdf/m/n on input line 37.
LaTeX Font Info:    ... okay on input line 37.

*geometry* driver: auto-detecting
*geometry* detected driver: pdftex
*geometry* verbose mode - [ preamble ] result:
* driver: pdftex
* paper: letterpaper
* layout: <same size as paper>
* layoutoffset:(h,v)=(0.0pt,0.0pt)
* modes: 
* h-part:(L,W,R)=(71.13188pt, 472.03123pt, 71.13188pt)
* v-part:(T,H,B)=(71.13188pt, 652.70622pt, 71.13188pt)
* \paperwidth=614.295pt
* \paperheight=794.96999pt
* \textwidth=472.03122pt
* \textheight=652.70622pt
* \oddsidemargin=-1.1381pt
* \evensidemargin=-1.1381pt
* \topmargin=-38.1381pt
* \headheight=12.0pt
* \headsep=25.0pt
* \topskip=12.0pt
* \footskip=30.0pt
* \marginparwidth=44.0pt
* \marginparsep=10.0pt
* \columnsep=10.0pt
* \skip\footins=10.8pt plus 4.0pt minus 2.0pt
* \hoffset=0.0pt
* \voffset=0.0pt
* \mag=1000
* \@twocolumnfalse
* \@twosidefalse
* \@mparswitchfalse
* \@reversemarginfalse
* (1in=72.27pt=25.4mm, 1cm=28.453pt)

(C:\Program Files\MiKTeX\tex/context/base/mkii\supp-pdf.mkii
[Loading MPS to PDF converter (version 2006.09.02).]
\scratchcounter=\count403
\scratchdimen=\dimen279
\scratchbox=\box72
\nofMPsegments=\count404
\nofMParguments=\count405
\everyMPshowfont=\toks44
\MPscratchCnt=\count406
\MPscratchDim=\dimen280
\MPnumerator=\count407
\makeMPintoPDFobject=\count408
\everyMPtoPDFconversion=\toks45
) (C:\Program Files\MiKTeX\tex/latex/epstopdf-pkg\epstopdf-base.sty
Package: epstopdf-base 2020-01-24 v2.11 Base part for package epstopdf
Package epstopdf-base Info: Redefining graphics rule for `.eps' on input line 485.
 (C:\Program Files\MiKTeX\tex/latex/00miktex\epstopdf-sys.cfg
File: epstopdf-sys.cfg 2021/03/18 v2.0 Configuration of epstopdf for MiKTeX
))
Package caption Info: Begin \AtBeginDocument code.
Package caption Info: float package is loaded.
Package caption Info: hyperref package is loaded.
Package caption Info: listings package is loaded.
Package caption Info: longtable package is loaded.
 (C:\Program Files\MiKTeX\tex/latex/caption\ltcaption.sty
Package: ltcaption 2021/01/08 v1.4c longtable captions (AR)
)
Package caption Info: rotating package is loaded.
Package caption Info: End \AtBeginDocument code.
Package hyperref Info: Link coloring ON on input line 37.
 (c:\Users\meper\Desktop\Proyecto de Grado\Tesis\Documento-de-Tesis-Latex\build\upbthesis.out) (c:\Users\meper\Desktop\Proyecto de Grado\Tesis\Documento-de-Tesis-Latex\build\upbthesis.out)
\@outlinefile=\write4
\openout4 = `upbthesis.out'.

LaTeX Info: Redefining \. on input line 37.
LaTeX Info: Redefining \% on input line 37.
\c@lstlisting=\count409
LaTeX Font Info:    Trying to load font information for T1+pcr on input line 37.
 (C:\Program Files\MiKTeX\tex/latex/psnfss\t1pcr.fd
File: t1pcr.fd 2001/06/04 font definitions for T1/pcr.
)
LaTeX Font Info:    Font shape `T1/pcr/m/it' in size <12> not available
(Font)              Font shape `T1/pcr/m/sl' tried instead on input line 37.


LaTeX Font Warning: Font shape `T1/pcr/m/scsl' undefined
(Font)              using `T1/pcr/m/sc' instead on input line 37.

LaTeX Font Info:    Font shape `T1/pcr/b/it' in size <12> not available
(Font)              Font shape `T1/pcr/b/sl' tried instead on input line 37.

LaTeX Font Warning: Font shape `T1/pcr/b/scsl' undefined
(Font)              using `T1/pcr/b/sc' instead on input line 37.

LaTeX Font Info:    Font shape `T1/pcr/bx/n' in size <12> not available
(Font)              Font shape `T1/pcr/b/n' tried instead on input line 37.
LaTeX Font Info:    Font shape `T1/pcr/bx/it' in size <12> not available
(Font)              Font shape `T1/pcr/b/it' tried instead on input line 37.
LaTeX Font Info:    Font shape `T1/pcr/b/it' in size <12> not available
(Font)              Font shape `T1/pcr/b/sl' tried instead on input line 37.
LaTeX Font Info:    Font shape `T1/pcr/bx/sl' in size <12> not available
(Font)              Font shape `T1/pcr/b/sl' tried instead on input line 37.

LaTeX Font Warning: Font shape `T1/pcr/bx/scsl' undefined
(Font)              using `T1/pcr/bx/sc' instead on input line 37.

LaTeX Font Info:    Font shape `T1/pcr/bx/sc' in size <12> not available
(Font)              Font shape `T1/pcr/b/sc' tried instead on input line 37.

LaTeX Font Warning: Font shape `T1/pcr/sbx/sc' undefined
(Font)              using `T1/pcr/bx/sc' instead on input line 37.


LaTeX Font Warning: Font shape `T1/pcr/sbx/n' undefined
(Font)              using `T1/pcr/bx/n' instead on input line 37.


LaTeX Font Warning: Font shape `T1/pcr/sbx/it' undefined
(Font)              using `T1/pcr/bx/it' instead on input line 37.


LaTeX Font Warning: Font shape `T1/pcr/sbx/sl' undefined
(Font)              using `T1/pcr/bx/sl' instead on input line 37.


LaTeX Font Warning: Font shape `T1/pcr/bx/scsl' undefined
(Font)              using `T1/pcr/bx/sc' instead on input line 37.


LaTeX Font Warning: Font shape `T1/pcr/bc/sc' undefined
(Font)              using `T1/pcr/c/sc' instead on input line 37.


LaTeX Font Warning: Font shape `T1/pcr/c/n' undefined
(Font)              using `T1/pcr/m/n' instead on input line 37.


LaTeX Font Warning: Font shape `T1/pcr/c/it' undefined
(Font)              using `T1/pcr/c/n' instead on input line 37.


LaTeX Font Warning: Font shape `T1/pcr/c/sl' undefined
(Font)              using `T1/pcr/c/it' instead on input line 37.


LaTeX Font Warning: Font shape `T1/pcr/c/scit' undefined
(Font)              using `T1/pcr/c/sc' instead on input line 37.


LaTeX Font Warning: Font shape `T1/pcr/c/sc' undefined
(Font)              using `T1/pcr/c/n' instead on input line 37.


LaTeX Font Warning: Font shape `T1/pcr/lc/sc' undefined
(Font)              using `T1/pcr/c/sc' instead on input line 37.


LaTeX Font Warning: Font shape `T1/pcr/lc/n' undefined
(Font)              using `T1/pcr/c/n' instead on input line 37.


LaTeX Font Warning: Font shape `T1/pcr/lc/it' undefined
(Font)              using `T1/pcr/c/it' instead on input line 37.


LaTeX Font Warning: Font shape `T1/pcr/c/sl' undefined
(Font)              using `T1/pcr/c/it' instead on input line 37.


LaTeX Font Warning: Font shape `T1/pcr/lc/it' undefined
(Font)              using `T1/pcr/c/it' instead on input line 37.


LaTeX Font Warning: Font shape `T1/pcr/c/scit' undefined
(Font)              using `T1/pcr/c/sc' instead on input line 37.


LaTeX Font Warning: Font shape `T1/pcr/m/ui' undefined
(Font)              using `T1/pcr/m/n' instead on input line 37.


LaTeX Font Warning: Font shape `T1/pcr/bx/ui' undefined
(Font)              using `T1/pcr/bx/n' instead on input line 37.


LaTeX Font Warning: Font shape `T1/pcr/m/In' undefined
(Font)              using `T1/pcr/m/n' instead on input line 37.


Package layouts Warning: Layout scale set to 0.5 on input line 37.

<Images/upb_logo.png, id=178, 72.27pt x 36.135pt>
File: Images/upb_logo.png Graphic file (type png)
<use Images/upb_logo.png>
Package pdftex.def Info: Images/upb_logo.png  used on input line 53.
(pdftex.def)             Requested size: 141.6108pt x 70.80917pt.

Package fancyhdr Warning: \headheight is too small (12.0pt): 
(fancyhdr)                Make it at least 14.49998pt, for example:
(fancyhdr)                \setlength{\headheight}{14.49998pt}.
(fancyhdr)                You might also make \topmargin smaller:
(fancyhdr)                \addtolength{\topmargin}{-2.49998pt}.

[1{C:/Users/meper/AppData/Local/MiKTeX/fonts/map/pdftex/pdftex.map}{C:/Program Files/MiKTeX/fonts/enc/dvips/base/8r.enc}

 <./Images/upb_logo.png>]

Package fancyhdr Warning: \headheight is too small (12.0pt): 
(fancyhdr)                Make it at least 14.49998pt, for example:
(fancyhdr)                \setlength{\headheight}{14.49998pt}.
(fancyhdr)                You might also make \topmargin smaller:
(fancyhdr)                \addtolength{\topmargin}{-2.49998pt}.

[2]

Package fancyhdr Warning: \headheight is too small (12.0pt): 
(fancyhdr)                Make it at least 14.49998pt, for example:
(fancyhdr)                \setlength{\headheight}{14.49998pt}.
(fancyhdr)                You might also make \topmargin smaller:
(fancyhdr)                \addtolength{\topmargin}{-2.49998pt}.

[3]

Package fancyhdr Warning: \headheight is too small (12.0pt): 
(fancyhdr)                Make it at least 14.49998pt, for example:
(fancyhdr)                \setlength{\headheight}{14.49998pt}.
(fancyhdr)                You might also make \topmargin smaller:
(fancyhdr)                \addtolength{\topmargin}{-2.49998pt}.

[4

] (c:\Users\meper\Desktop\Proyecto de Grado\Tesis\Documento-de-Tesis-Latex\build\upbthesis.toc
LaTeX Info: Redefining \. on input line 1.
LaTeX Info: Redefining \% on input line 1.


Package fancyhdr Warning: \headheight is too small (12.0pt): 
(fancyhdr)                Make it at least 14.49998pt, for example:
(fancyhdr)                \setlength{\headheight}{14.49998pt}.
(fancyhdr)                You might also make \topmargin smaller:
(fancyhdr)                \addtolength{\topmargin}{-2.49998pt}.

[5])
\tf@toc=\write5
\openout5 = `upbthesis.toc'.

\c@tabindexcounter=\count410


Package fancyhdr Warning: \headheight is too small (12.0pt): 
(fancyhdr)                Make it at least 14.49998pt, for example:
(fancyhdr)                \setlength{\headheight}{14.49998pt}.
(fancyhdr)                You might also make \topmargin smaller:
(fancyhdr)                \addtolength{\topmargin}{-2.49998pt}.

[6]
\c@mytablecounter=\count411
 (c:\Users\meper\Desktop\Proyecto de Grado\Tesis\Documento-de-Tesis-Latex\build\upbthesis.lot
LaTeX Info: Redefining \. on input line 1.
LaTeX Info: Redefining \% on input line 1.


Package fancyhdr Warning: \headheight is too small (12.0pt): 
(fancyhdr)                Make it at least 14.49998pt, for example:
(fancyhdr)                \setlength{\headheight}{14.49998pt}.
(fancyhdr)                You might also make \topmargin smaller:
(fancyhdr)                \addtolength{\topmargin}{-2.49998pt}.

[7

]
Overfull \hbox (3.4658pt too wide) in paragraph at lines 27--27
[]|\T1/ptm/m/n/12 TABLA XX-VI [][]RNF02: CON-TROL DE AC-CE-SO Y GES-TIÓN DE SE-SIO-NES DE USUA- 
 []

)
\tf@lot=\write6
\openout6 = `upbthesis.lot'.



Package fancyhdr Warning: \headheight is too small (12.0pt): 
(fancyhdr)                Make it at least 14.49998pt, for example:
(fancyhdr)                \setlength{\headheight}{14.49998pt}.
(fancyhdr)                You might also make \topmargin smaller:
(fancyhdr)                \addtolength{\topmargin}{-2.49998pt}.

[8] (c:\Users\meper\Desktop\Proyecto de Grado\Tesis\Documento-de-Tesis-Latex\build\upbthesis.lof
LaTeX Info: Redefining \. on input line 1.
LaTeX Info: Redefining \% on input line 1.
)
\tf@lof=\write7
\openout7 = `upbthesis.lof'.



Package fancyhdr Warning: \headheight is too small (12.0pt): 
(fancyhdr)                Make it at least 14.49998pt, for example:
(fancyhdr)                \setlength{\headheight}{14.49998pt}.
(fancyhdr)                You might also make \topmargin smaller:
(fancyhdr)                \addtolength{\topmargin}{-2.49998pt}.

[9

]
LaTeX Font Info:    Trying to load font information for U+msa on input line 192.
 (C:\Program Files\MiKTeX\tex/latex/amsfonts\umsa.fd
File: umsa.fd 2013/01/14 v3.01 AMS symbols A
)
LaTeX Font Info:    Trying to load font information for U+msb on input line 192.
 (C:\Program Files\MiKTeX\tex/latex/amsfonts\umsb.fd
File: umsb.fd 2013/01/14 v3.01 AMS symbols B
)

Package fancyhdr Warning: \headheight is too small (12.0pt): 
(fancyhdr)                Make it at least 14.49998pt, for example:
(fancyhdr)                \setlength{\headheight}{14.49998pt}.
(fancyhdr)                You might also make \topmargin smaller:
(fancyhdr)                \addtolength{\topmargin}{-2.49998pt}.

[10]

Package fancyhdr Warning: \headheight is too small (12.0pt): 
(fancyhdr)                Make it at least 14.49998pt, for example:
(fancyhdr)                \setlength{\headheight}{14.49998pt}.
(fancyhdr)                You might also make \topmargin smaller:
(fancyhdr)                \addtolength{\topmargin}{-2.49998pt}.

[11]

Package fancyhdr Warning: \headheight is too small (12.0pt): 
(fancyhdr)                Make it at least 14.49998pt, for example:
(fancyhdr)                \setlength{\headheight}{14.49998pt}.
(fancyhdr)                You might also make \topmargin smaller:
(fancyhdr)                \addtolength{\topmargin}{-2.49998pt}.

[12]

Package fancyhdr Warning: \headheight is too small (12.0pt): 
(fancyhdr)                Make it at least 14.49998pt, for example:
(fancyhdr)                \setlength{\headheight}{14.49998pt}.
(fancyhdr)                You might also make \topmargin smaller:
(fancyhdr)                \addtolength{\topmargin}{-2.49998pt}.

[13]

Package fancyhdr Warning: \headheight is too small (12.0pt): 
(fancyhdr)                Make it at least 14.49998pt, for example:
(fancyhdr)                \setlength{\headheight}{14.49998pt}.
(fancyhdr)                You might also make \topmargin smaller:
(fancyhdr)                \addtolength{\topmargin}{-2.49998pt}.

[14]

Package fancyhdr Warning: \headheight is too small (12.0pt): 
(fancyhdr)                Make it at least 14.49998pt, for example:
(fancyhdr)                \setlength{\headheight}{14.49998pt}.
(fancyhdr)                You might also make \topmargin smaller:
(fancyhdr)                \addtolength{\topmargin}{-2.49998pt}.

[15]

Package fancyhdr Warning: \headheight is too small (12.0pt): 
(fancyhdr)                Make it at least 14.49998pt, for example:
(fancyhdr)                \setlength{\headheight}{14.49998pt}.
(fancyhdr)                You might also make \topmargin smaller:
(fancyhdr)                \addtolength{\topmargin}{-2.49998pt}.

[16]

Package fancyhdr Warning: \headheight is too small (12.0pt): 
(fancyhdr)                Make it at least 14.49998pt, for example:
(fancyhdr)                \setlength{\headheight}{14.49998pt}.
(fancyhdr)                You might also make \topmargin smaller:
(fancyhdr)                \addtolength{\topmargin}{-2.49998pt}.

[17]

Package fancyhdr Warning: \headheight is too small (12.0pt): 
(fancyhdr)                Make it at least 14.49998pt, for example:
(fancyhdr)                \setlength{\headheight}{14.49998pt}.
(fancyhdr)                You might also make \topmargin smaller:
(fancyhdr)                \addtolength{\topmargin}{-2.49998pt}.

[18]

Package fancyhdr Warning: \headheight is too small (12.0pt): 
(fancyhdr)                Make it at least 14.49998pt, for example:
(fancyhdr)                \setlength{\headheight}{14.49998pt}.
(fancyhdr)                You might also make \topmargin smaller:
(fancyhdr)                \addtolength{\topmargin}{-2.49998pt}.

[19] (docs/requerimientos/requerimientos-funcionales.tex
Underfull \hbox (badness 10000) in paragraph at lines 14--14
[]|\T1/ptm/b/n/12 CÓDIGO DEL RE-
 []


Underfull \hbox (badness 4366) in paragraph at lines 15--15
[]|\T1/ptm/b/n/12 NOMBRE DEL RE-
 []


Overfull \hbox (2.79393pt too wide) in paragraph at lines 9--35
 [][] 
 []


Package fancyhdr Warning: \headheight is too small (12.0pt): 
(fancyhdr)                Make it at least 14.49998pt, for example:
(fancyhdr)                \setlength{\headheight}{14.49998pt}.
(fancyhdr)                You might also make \topmargin smaller:
(fancyhdr)                \addtolength{\topmargin}{-2.49998pt}.

[20]
Overfull \vbox (4.73712pt too high) has occurred while \output is active []



Package fancyhdr Warning: \headheight is too small (12.0pt): 
(fancyhdr)                Make it at least 14.49998pt, for example:
(fancyhdr)                \setlength{\headheight}{14.49998pt}.
(fancyhdr)                You might also make \topmargin smaller:
(fancyhdr)                \addtolength{\topmargin}{-2.49998pt}.

[21]
Underfull \hbox (badness 10000) in paragraph at lines 49--49
[]|\T1/ptm/b/n/12 CÓDIGO DEL RE-
 []


Underfull \hbox (badness 4366) in paragraph at lines 50--50
[]|\T1/ptm/b/n/12 NOMBRE DEL RE-
 []


Overfull \hbox (2.79393pt too wide) in paragraph at lines 44--70
 [][] 
 []


Overfull \vbox (26.48712pt too high) has occurred while \output is active []



Package fancyhdr Warning: \headheight is too small (12.0pt): 
(fancyhdr)                Make it at least 14.49998pt, for example:
(fancyhdr)                \setlength{\headheight}{14.49998pt}.
(fancyhdr)                You might also make \topmargin smaller:
(fancyhdr)                \addtolength{\topmargin}{-2.49998pt}.

[22]
Underfull \hbox (badness 10000) in paragraph at lines 84--84
[]|\T1/ptm/b/n/12 CÓDIGO DEL RE-
 []


Underfull \hbox (badness 4366) in paragraph at lines 85--85
[]|\T1/ptm/b/n/12 NOMBRE DEL RE-
 []


Overfull \hbox (2.79393pt too wide) in paragraph at lines 79--105
 [][] 
 []


Overfull \vbox (4.73712pt too high) has occurred while \output is active []



Package fancyhdr Warning: \headheight is too small (12.0pt): 
(fancyhdr)                Make it at least 14.49998pt, for example:
(fancyhdr)                \setlength{\headheight}{14.49998pt}.
(fancyhdr)                You might also make \topmargin smaller:
(fancyhdr)                \addtolength{\topmargin}{-2.49998pt}.

[23]
Underfull \hbox (badness 10000) in paragraph at lines 119--119
[]|\T1/ptm/b/n/12 CÓDIGO DEL RE-
 []


Underfull \hbox (badness 4366) in paragraph at lines 120--120
[]|\T1/ptm/b/n/12 NOMBRE DEL RE-
 []


Overfull \hbox (2.79393pt too wide) in paragraph at lines 114--140
 [][] 
 []


Underfull \hbox (badness 10000) in paragraph at lines 154--154
[]|\T1/ptm/b/n/12 CÓDIGO DEL RE-
 []


Underfull \hbox (badness 4366) in paragraph at lines 155--155
[]|\T1/ptm/b/n/12 NOMBRE DEL RE-
 []


Overfull \hbox (2.79393pt too wide) in paragraph at lines 149--175
 [][] 
 []


Package fancyhdr Warning: \headheight is too small (12.0pt): 
(fancyhdr)                Make it at least 14.49998pt, for example:
(fancyhdr)                \setlength{\headheight}{14.49998pt}.
(fancyhdr)                You might also make \topmargin smaller:
(fancyhdr)                \addtolength{\topmargin}{-2.49998pt}.

[24]
Overfull \vbox (48.23712pt too high) has occurred while \output is active []



Package fancyhdr Warning: \headheight is too small (12.0pt): 
(fancyhdr)                Make it at least 14.49998pt, for example:
(fancyhdr)                \setlength{\headheight}{14.49998pt}.
(fancyhdr)                You might also make \topmargin smaller:
(fancyhdr)                \addtolength{\topmargin}{-2.49998pt}.

[25]
Underfull \hbox (badness 10000) in paragraph at lines 189--189
[]|\T1/ptm/b/n/12 CÓDIGO DEL RE-
 []


Underfull \hbox (badness 4366) in paragraph at lines 190--190
[]|\T1/ptm/b/n/12 NOMBRE DEL RE-
 []


Overfull \hbox (2.79393pt too wide) in paragraph at lines 184--210
 [][] 
 []


Overfull \vbox (4.73712pt too high) has occurred while \output is active []



Package fancyhdr Warning: \headheight is too small (12.0pt): 
(fancyhdr)                Make it at least 14.49998pt, for example:
(fancyhdr)                \setlength{\headheight}{14.49998pt}.
(fancyhdr)                You might also make \topmargin smaller:
(fancyhdr)                \addtolength{\topmargin}{-2.49998pt}.

[26]
Underfull \hbox (badness 10000) in paragraph at lines 224--224
[]|\T1/ptm/b/n/12 CÓDIGO DEL RE-
 []


Underfull \hbox (badness 4366) in paragraph at lines 225--225
[]|\T1/ptm/b/n/12 NOMBRE DEL RE-
 []


Overfull \hbox (2.79393pt too wide) in paragraph at lines 219--245
 [][] 
 []


Overfull \vbox (26.48712pt too high) has occurred while \output is active []



Package fancyhdr Warning: \headheight is too small (12.0pt): 
(fancyhdr)                Make it at least 14.49998pt, for example:
(fancyhdr)                \setlength{\headheight}{14.49998pt}.
(fancyhdr)                You might also make \topmargin smaller:
(fancyhdr)                \addtolength{\topmargin}{-2.49998pt}.

[27]
Underfull \hbox (badness 10000) in paragraph at lines 259--259
[]|\T1/ptm/b/n/12 CÓDIGO DEL RE-
 []


Underfull \hbox (badness 4366) in paragraph at lines 260--260
[]|\T1/ptm/b/n/12 NOMBRE DEL RE-
 []


Overfull \hbox (2.79393pt too wide) in paragraph at lines 254--280
 [][] 
 []


Overfull \vbox (4.73712pt too high) has occurred while \output is active []



Package fancyhdr Warning: \headheight is too small (12.0pt): 
(fancyhdr)                Make it at least 14.49998pt, for example:
(fancyhdr)                \setlength{\headheight}{14.49998pt}.
(fancyhdr)                You might also make \topmargin smaller:
(fancyhdr)                \addtolength{\topmargin}{-2.49998pt}.

[28]
Underfull \hbox (badness 10000) in paragraph at lines 294--294
[]|\T1/ptm/b/n/12 CÓDIGO DEL RE-
 []


Underfull \hbox (badness 4366) in paragraph at lines 295--295
[]|\T1/ptm/b/n/12 NOMBRE DEL RE-
 []


Overfull \hbox (2.79393pt too wide) in paragraph at lines 289--315
 [][] 
 []


Overfull \vbox (26.48712pt too high) has occurred while \output is active []



Package fancyhdr Warning: \headheight is too small (12.0pt): 
(fancyhdr)                Make it at least 14.49998pt, for example:
(fancyhdr)                \setlength{\headheight}{14.49998pt}.
(fancyhdr)                You might also make \topmargin smaller:
(fancyhdr)                \addtolength{\topmargin}{-2.49998pt}.

[29]
Underfull \hbox (badness 10000) in paragraph at lines 329--329
[]|\T1/ptm/b/n/12 CÓDIGO DEL RE-
 []


Underfull \hbox (badness 4366) in paragraph at lines 330--330
[]|\T1/ptm/b/n/12 NOMBRE DEL RE-
 []


Overfull \hbox (2.79393pt too wide) in paragraph at lines 324--350
 [][] 
 []


Overfull \vbox (4.73712pt too high) has occurred while \output is active []



Package fancyhdr Warning: \headheight is too small (12.0pt): 
(fancyhdr)                Make it at least 14.49998pt, for example:
(fancyhdr)                \setlength{\headheight}{14.49998pt}.
(fancyhdr)                You might also make \topmargin smaller:
(fancyhdr)                \addtolength{\topmargin}{-2.49998pt}.

[30]
Underfull \hbox (badness 10000) in paragraph at lines 364--364
[]|\T1/ptm/b/n/12 CÓDIGO DEL RE-
 []


Underfull \hbox (badness 4366) in paragraph at lines 365--365
[]|\T1/ptm/b/n/12 NOMBRE DEL RE-
 []


Overfull \hbox (2.79393pt too wide) in paragraph at lines 359--385
 [][] 
 []


Underfull \hbox (badness 10000) in paragraph at lines 399--399
[]|\T1/ptm/b/n/12 CÓDIGO DEL RE-
 []


Underfull \hbox (badness 4366) in paragraph at lines 400--400
[]|\T1/ptm/b/n/12 NOMBRE DEL RE-
 []


Overfull \hbox (2.79393pt too wide) in paragraph at lines 394--420
 [][] 
 []


Package fancyhdr Warning: \headheight is too small (12.0pt): 
(fancyhdr)                Make it at least 14.49998pt, for example:
(fancyhdr)                \setlength{\headheight}{14.49998pt}.
(fancyhdr)                You might also make \topmargin smaller:
(fancyhdr)                \addtolength{\topmargin}{-2.49998pt}.

[31]
Overfull \vbox (48.23712pt too high) has occurred while \output is active []



Package fancyhdr Warning: \headheight is too small (12.0pt): 
(fancyhdr)                Make it at least 14.49998pt, for example:
(fancyhdr)                \setlength{\headheight}{14.49998pt}.
(fancyhdr)                You might also make \topmargin smaller:
(fancyhdr)                \addtolength{\topmargin}{-2.49998pt}.

[32]
Underfull \hbox (badness 10000) in paragraph at lines 434--434
[]|\T1/ptm/b/n/12 CÓDIGO DEL RE-
 []


Underfull \hbox (badness 4366) in paragraph at lines 435--435
[]|\T1/ptm/b/n/12 NOMBRE DEL RE-
 []


Overfull \hbox (2.79393pt too wide) in paragraph at lines 429--456
 [][] 
 []


Overfull \vbox (48.23712pt too high) has occurred while \output is active []



Package fancyhdr Warning: \headheight is too small (12.0pt): 
(fancyhdr)                Make it at least 14.49998pt, for example:
(fancyhdr)                \setlength{\headheight}{14.49998pt}.
(fancyhdr)                You might also make \topmargin smaller:
(fancyhdr)                \addtolength{\topmargin}{-2.49998pt}.

[33]
Underfull \hbox (badness 10000) in paragraph at lines 470--470
[]|\T1/ptm/b/n/12 CÓDIGO DEL RE-
 []


Underfull \hbox (badness 4366) in paragraph at lines 471--471
[]|\T1/ptm/b/n/12 NOMBRE DEL RE-
 []


Overfull \hbox (2.79393pt too wide) in paragraph at lines 465--492
 [][] 
 []


Overfull \vbox (26.48712pt too high) has occurred while \output is active []



Package fancyhdr Warning: \headheight is too small (12.0pt): 
(fancyhdr)                Make it at least 14.49998pt, for example:
(fancyhdr)                \setlength{\headheight}{14.49998pt}.
(fancyhdr)                You might also make \topmargin smaller:
(fancyhdr)                \addtolength{\topmargin}{-2.49998pt}.

[34]
Underfull \hbox (badness 10000) in paragraph at lines 506--506
[]|\T1/ptm/b/n/12 CÓDIGO DEL RE-
 []


Underfull \hbox (badness 4366) in paragraph at lines 507--507
[]|\T1/ptm/b/n/12 NOMBRE DEL RE-
 []


Overfull \hbox (2.79393pt too wide) in paragraph at lines 501--528
 [][] 
 []


Overfull \vbox (48.23712pt too high) has occurred while \output is active []



Package fancyhdr Warning: \headheight is too small (12.0pt): 
(fancyhdr)                Make it at least 14.49998pt, for example:
(fancyhdr)                \setlength{\headheight}{14.49998pt}.
(fancyhdr)                You might also make \topmargin smaller:
(fancyhdr)                \addtolength{\topmargin}{-2.49998pt}.

[35]
Underfull \hbox (badness 10000) in paragraph at lines 542--542
[]|\T1/ptm/b/n/12 CÓDIGO DEL RE-
 []


Underfull \hbox (badness 4366) in paragraph at lines 543--543
[]|\T1/ptm/b/n/12 NOMBRE DEL RE-
 []


Overfull \hbox (2.79393pt too wide) in paragraph at lines 537--564
 [][] 
 []


Overfull \vbox (26.48712pt too high) has occurred while \output is active []



Package fancyhdr Warning: \headheight is too small (12.0pt): 
(fancyhdr)                Make it at least 14.49998pt, for example:
(fancyhdr)                \setlength{\headheight}{14.49998pt}.
(fancyhdr)                You might also make \topmargin smaller:
(fancyhdr)                \addtolength{\topmargin}{-2.49998pt}.

[36]
Underfull \hbox (badness 10000) in paragraph at lines 578--578
[]|\T1/ptm/b/n/12 CÓDIGO DEL RE-
 []


Underfull \hbox (badness 4366) in paragraph at lines 579--579
[]|\T1/ptm/b/n/12 NOMBRE DEL RE-
 []


Overfull \hbox (2.79393pt too wide) in paragraph at lines 573--601
 [][] 
 []


Overfull \vbox (4.73712pt too high) has occurred while \output is active []



Package fancyhdr Warning: \headheight is too small (12.0pt): 
(fancyhdr)                Make it at least 14.49998pt, for example:
(fancyhdr)                \setlength{\headheight}{14.49998pt}.
(fancyhdr)                You might also make \topmargin smaller:
(fancyhdr)                \addtolength{\topmargin}{-2.49998pt}.

[37]
Underfull \hbox (badness 10000) in paragraph at lines 615--615
[]|\T1/ptm/b/n/12 CÓDIGO DEL RE-
 []


Underfull \hbox (badness 4366) in paragraph at lines 616--616
[]|\T1/ptm/b/n/12 NOMBRE DEL RE-
 []


Overfull \hbox (2.79393pt too wide) in paragraph at lines 610--637
 [][] 
 []


Overfull \vbox (26.48712pt too high) has occurred while \output is active []



Package fancyhdr Warning: \headheight is too small (12.0pt): 
(fancyhdr)                Make it at least 14.49998pt, for example:
(fancyhdr)                \setlength{\headheight}{14.49998pt}.
(fancyhdr)                You might also make \topmargin smaller:
(fancyhdr)                \addtolength{\topmargin}{-2.49998pt}.

[38]
Underfull \hbox (badness 10000) in paragraph at lines 651--651
[]|\T1/ptm/b/n/12 CÓDIGO DEL RE-
 []


Underfull \hbox (badness 4366) in paragraph at lines 652--652
[]|\T1/ptm/b/n/12 NOMBRE DEL RE-
 []


Overfull \hbox (2.79393pt too wide) in paragraph at lines 646--673
 [][] 
 []


Underfull \hbox (badness 10000) in paragraph at lines 687--687
[]|\T1/ptm/b/n/12 CÓDIGO DEL RE-
 []


Underfull \hbox (badness 4366) in paragraph at lines 688--688
[]|\T1/ptm/b/n/12 NOMBRE DEL RE-
 []


Overfull \hbox (2.79393pt too wide) in paragraph at lines 682--709
 [][] 
 []


Package fancyhdr Warning: \headheight is too small (12.0pt): 
(fancyhdr)                Make it at least 14.49998pt, for example:
(fancyhdr)                \setlength{\headheight}{14.49998pt}.
(fancyhdr)                You might also make \topmargin smaller:
(fancyhdr)                \addtolength{\topmargin}{-2.49998pt}.

[39]
Overfull \vbox (48.23712pt too high) has occurred while \output is active []



Package fancyhdr Warning: \headheight is too small (12.0pt): 
(fancyhdr)                Make it at least 14.49998pt, for example:
(fancyhdr)                \setlength{\headheight}{14.49998pt}.
(fancyhdr)                You might also make \topmargin smaller:
(fancyhdr)                \addtolength{\topmargin}{-2.49998pt}.

[40]
Underfull \hbox (badness 10000) in paragraph at lines 723--723
[]|\T1/ptm/b/n/12 CÓDIGO DEL RE-
 []


Underfull \hbox (badness 4366) in paragraph at lines 724--724
[]|\T1/ptm/b/n/12 NOMBRE DEL RE-
 []


Overfull \hbox (2.79393pt too wide) in paragraph at lines 718--746
 [][] 
 []


Overfull \vbox (48.23712pt too high) has occurred while \output is active []



Package fancyhdr Warning: \headheight is too small (12.0pt): 
(fancyhdr)                Make it at least 14.49998pt, for example:
(fancyhdr)                \setlength{\headheight}{14.49998pt}.
(fancyhdr)                You might also make \topmargin smaller:
(fancyhdr)                \addtolength{\topmargin}{-2.49998pt}.

[41]
Underfull \hbox (badness 10000) in paragraph at lines 760--760
[]|\T1/ptm/b/n/12 CÓDIGO DEL RE-
 []


Underfull \hbox (badness 4366) in paragraph at lines 761--761
[]|\T1/ptm/b/n/12 NOMBRE DEL RE-
 []


Overfull \hbox (2.79393pt too wide) in paragraph at lines 755--783
 [][] 
 []


Overfull \vbox (69.98712pt too high) has occurred while \output is active []



Package fancyhdr Warning: \headheight is too small (12.0pt): 
(fancyhdr)                Make it at least 14.49998pt, for example:
(fancyhdr)                \setlength{\headheight}{14.49998pt}.
(fancyhdr)                You might also make \topmargin smaller:
(fancyhdr)                \addtolength{\topmargin}{-2.49998pt}.

[42]
Underfull \hbox (badness 10000) in paragraph at lines 797--797
[]|\T1/ptm/b/n/12 CÓDIGO DEL RE-
 []


Underfull \hbox (badness 4366) in paragraph at lines 798--798
[]|\T1/ptm/b/n/12 NOMBRE DEL RE-
 []


Overfull \hbox (2.79393pt too wide) in paragraph at lines 792--819
 [][] 
 []


Overfull \vbox (4.73712pt too high) has occurred while \output is active []



Package fancyhdr Warning: \headheight is too small (12.0pt): 
(fancyhdr)                Make it at least 14.49998pt, for example:
(fancyhdr)                \setlength{\headheight}{14.49998pt}.
(fancyhdr)                You might also make \topmargin smaller:
(fancyhdr)                \addtolength{\topmargin}{-2.49998pt}.

[43]
Underfull \hbox (badness 10000) in paragraph at lines 833--833
[]|\T1/ptm/b/n/12 CÓDIGO DEL RE-
 []


Underfull \hbox (badness 4366) in paragraph at lines 834--834
[]|\T1/ptm/b/n/12 NOMBRE DEL RE-
 []


Overfull \hbox (2.79393pt too wide) in paragraph at lines 828--855
 [][] 
 []


Overfull \vbox (69.98712pt too high) has occurred while \output is active []



Package fancyhdr Warning: \headheight is too small (12.0pt): 
(fancyhdr)                Make it at least 14.49998pt, for example:
(fancyhdr)                \setlength{\headheight}{14.49998pt}.
(fancyhdr)                You might also make \topmargin smaller:
(fancyhdr)                \addtolength{\topmargin}{-2.49998pt}.

[44]) (docs/requerimientos/requerimientos-no-funcionales.tex
Underfull \hbox (badness 10000) in paragraph at lines 13--13
[]|\T1/ptm/b/n/12 CÓDIGO DEL RE-
 []


Underfull \hbox (badness 4366) in paragraph at lines 14--14
[]|\T1/ptm/b/n/12 NOMBRE DEL RE-
 []


Overfull \hbox (2.79393pt too wide) in paragraph at lines 8--32
 [][] 
 []


Package fancyhdr Warning: \headheight is too small (12.0pt): 
(fancyhdr)                Make it at least 14.49998pt, for example:
(fancyhdr)                \setlength{\headheight}{14.49998pt}.
(fancyhdr)                You might also make \topmargin smaller:
(fancyhdr)                \addtolength{\topmargin}{-2.49998pt}.

[45

]
Overfull \vbox (4.73712pt too high) has occurred while \output is active []



Package fancyhdr Warning: \headheight is too small (12.0pt): 
(fancyhdr)                Make it at least 14.49998pt, for example:
(fancyhdr)                \setlength{\headheight}{14.49998pt}.
(fancyhdr)                You might also make \topmargin smaller:
(fancyhdr)                \addtolength{\topmargin}{-2.49998pt}.

[46]
Underfull \hbox (badness 10000) in paragraph at lines 46--46
[]|\T1/ptm/b/n/12 CÓDIGO DEL RE-
 []


Underfull \hbox (badness 4366) in paragraph at lines 47--47
[]|\T1/ptm/b/n/12 NOMBRE DEL RE-
 []


Overfull \hbox (2.79393pt too wide) in paragraph at lines 41--65
 [][] 
 []


Underfull \hbox (badness 10000) in paragraph at lines 79--79
[]|\T1/ptm/b/n/12 CÓDIGO DEL RE-
 []


Underfull \hbox (badness 4366) in paragraph at lines 80--80
[]|\T1/ptm/b/n/12 NOMBRE DEL RE-
 []


Overfull \hbox (2.79393pt too wide) in paragraph at lines 74--98
 [][] 
 []


Package fancyhdr Warning: \headheight is too small (12.0pt): 
(fancyhdr)                Make it at least 14.49998pt, for example:
(fancyhdr)                \setlength{\headheight}{14.49998pt}.
(fancyhdr)                You might also make \topmargin smaller:
(fancyhdr)                \addtolength{\topmargin}{-2.49998pt}.

[47]
Overfull \vbox (48.23712pt too high) has occurred while \output is active []



Package fancyhdr Warning: \headheight is too small (12.0pt): 
(fancyhdr)                Make it at least 14.49998pt, for example:
(fancyhdr)                \setlength{\headheight}{14.49998pt}.
(fancyhdr)                You might also make \topmargin smaller:
(fancyhdr)                \addtolength{\topmargin}{-2.49998pt}.

[48]
Underfull \hbox (badness 10000) in paragraph at lines 112--112
[]|\T1/ptm/b/n/12 CÓDIGO DEL RE-
 []


Underfull \hbox (badness 4366) in paragraph at lines 113--113
[]|\T1/ptm/b/n/12 NOMBRE DEL RE-
 []


Overfull \hbox (2.79393pt too wide) in paragraph at lines 107--131
 [][] 
 []


Overfull \vbox (26.48712pt too high) has occurred while \output is active []



Package fancyhdr Warning: \headheight is too small (12.0pt): 
(fancyhdr)                Make it at least 14.49998pt, for example:
(fancyhdr)                \setlength{\headheight}{14.49998pt}.
(fancyhdr)                You might also make \topmargin smaller:
(fancyhdr)                \addtolength{\topmargin}{-2.49998pt}.

[49]
Underfull \hbox (badness 10000) in paragraph at lines 145--145
[]|\T1/ptm/b/n/12 CÓDIGO DEL RE-
 []


Underfull \hbox (badness 4366) in paragraph at lines 146--146
[]|\T1/ptm/b/n/12 NOMBRE DEL RE-
 []

LaTeX Font Info:    Trying to load font information for TS1+ptm on input line 158.
(C:\Program Files\MiKTeX\tex/latex/psnfss\ts1ptm.fd
File: ts1ptm.fd 2001/06/04 font definitions for TS1/ptm.
)
Overfull \hbox (2.79393pt too wide) in paragraph at lines 140--164
 [][] 
 []


Overfull \vbox (26.48712pt too high) has occurred while \output is active []



Package fancyhdr Warning: \headheight is too small (12.0pt): 
(fancyhdr)                Make it at least 14.49998pt, for example:
(fancyhdr)                \setlength{\headheight}{14.49998pt}.
(fancyhdr)                You might also make \topmargin smaller:
(fancyhdr)                \addtolength{\topmargin}{-2.49998pt}.

[50]
Underfull \hbox (badness 10000) in paragraph at lines 178--178
[]|\T1/ptm/b/n/12 CÓDIGO DEL RE-
 []


Underfull \hbox (badness 4366) in paragraph at lines 179--179
[]|\T1/ptm/b/n/12 NOMBRE DEL RE-
 []


Overfull \hbox (2.79393pt too wide) in paragraph at lines 173--197
 [][] 
 []


Overfull \vbox (69.98712pt too high) has occurred while \output is active []



Package fancyhdr Warning: \headheight is too small (12.0pt): 
(fancyhdr)                Make it at least 14.49998pt, for example:
(fancyhdr)                \setlength{\headheight}{14.49998pt}.
(fancyhdr)                You might also make \topmargin smaller:
(fancyhdr)                \addtolength{\topmargin}{-2.49998pt}.

[51]
Underfull \hbox (badness 10000) in paragraph at lines 211--211
[]|\T1/ptm/b/n/12 CÓDIGO DEL RE-
 []


Underfull \hbox (badness 4366) in paragraph at lines 212--212
[]|\T1/ptm/b/n/12 NOMBRE DEL RE-
 []


Overfull \hbox (2.79393pt too wide) in paragraph at lines 206--230
 [][] 
 []


Overfull \vbox (48.23712pt too high) has occurred while \output is active []



Package fancyhdr Warning: \headheight is too small (12.0pt): 
(fancyhdr)                Make it at least 14.49998pt, for example:
(fancyhdr)                \setlength{\headheight}{14.49998pt}.
(fancyhdr)                You might also make \topmargin smaller:
(fancyhdr)                \addtolength{\topmargin}{-2.49998pt}.

[52]
Underfull \hbox (badness 10000) in paragraph at lines 244--244
[]|\T1/ptm/b/n/12 CÓDIGO DEL RE-
 []


Underfull \hbox (badness 4366) in paragraph at lines 245--245
[]|\T1/ptm/b/n/12 NOMBRE DEL RE-
 []


Overfull \hbox (2.79393pt too wide) in paragraph at lines 239--263
 [][] 
 []


Overfull \vbox (48.23712pt too high) has occurred while \output is active []



Package fancyhdr Warning: \headheight is too small (12.0pt): 
(fancyhdr)                Make it at least 14.49998pt, for example:
(fancyhdr)                \setlength{\headheight}{14.49998pt}.
(fancyhdr)                You might also make \topmargin smaller:
(fancyhdr)                \addtolength{\topmargin}{-2.49998pt}.

[53]
Underfull \hbox (badness 10000) in paragraph at lines 277--277
[]|\T1/ptm/b/n/12 CÓDIGO DEL RE-
 []


Underfull \hbox (badness 4366) in paragraph at lines 278--278
[]|\T1/ptm/b/n/12 NOMBRE DEL RE-
 []


Overfull \hbox (2.79393pt too wide) in paragraph at lines 272--296
 [][] 
 []


Overfull \vbox (84.48712pt too high) has occurred while \output is active []



Package fancyhdr Warning: \headheight is too small (12.0pt): 
(fancyhdr)                Make it at least 14.49998pt, for example:
(fancyhdr)                \setlength{\headheight}{14.49998pt}.
(fancyhdr)                You might also make \topmargin smaller:
(fancyhdr)                \addtolength{\topmargin}{-2.49998pt}.

[54]
Underfull \hbox (badness 10000) in paragraph at lines 310--310
[]|\T1/ptm/b/n/12 CÓDIGO DEL RE-
 []


Underfull \hbox (badness 4366) in paragraph at lines 311--311
[]|\T1/ptm/b/n/12 NOMBRE DEL RE-
 []


Overfull \hbox (2.79393pt too wide) in paragraph at lines 305--329
 [][] 
 []

)
Overfull \vbox (48.23712pt too high) has occurred while \output is active []



Package fancyhdr Warning: \headheight is too small (12.0pt): 
(fancyhdr)                Make it at least 14.49998pt, for example:
(fancyhdr)                \setlength{\headheight}{14.49998pt}.
(fancyhdr)                You might also make \topmargin smaller:
(fancyhdr)                \addtolength{\topmargin}{-2.49998pt}.

[55]

Package fancyhdr Warning: \headheight is too small (12.0pt): 
(fancyhdr)                Make it at least 14.49998pt, for example:
(fancyhdr)                \setlength{\headheight}{14.49998pt}.
(fancyhdr)                You might also make \topmargin smaller:
(fancyhdr)                \addtolength{\topmargin}{-2.49998pt}.

[56]

Package fancyhdr Warning: \headheight is too small (12.0pt): 
(fancyhdr)                Make it at least 14.49998pt, for example:
(fancyhdr)                \setlength{\headheight}{14.49998pt}.
(fancyhdr)                You might also make \topmargin smaller:
(fancyhdr)                \addtolength{\topmargin}{-2.49998pt}.

[57]

Package fancyhdr Warning: \headheight is too small (12.0pt): 
(fancyhdr)                Make it at least 14.49998pt, for example:
(fancyhdr)                \setlength{\headheight}{14.49998pt}.
(fancyhdr)                You might also make \topmargin smaller:
(fancyhdr)                \addtolength{\topmargin}{-2.49998pt}.

[58]

Package fancyhdr Warning: \headheight is too small (12.0pt): 
(fancyhdr)                Make it at least 14.49998pt, for example:
(fancyhdr)                \setlength{\headheight}{14.49998pt}.
(fancyhdr)                You might also make \topmargin smaller:
(fancyhdr)                \addtolength{\topmargin}{-2.49998pt}.

[59]

Package fancyhdr Warning: \headheight is too small (12.0pt): 
(fancyhdr)                Make it at least 14.49998pt, for example:
(fancyhdr)                \setlength{\headheight}{14.49998pt}.
(fancyhdr)                You might also make \topmargin smaller:
(fancyhdr)                \addtolength{\topmargin}{-2.49998pt}.

[60]

Package fancyhdr Warning: \headheight is too small (12.0pt): 
(fancyhdr)                Make it at least 14.49998pt, for example:
(fancyhdr)                \setlength{\headheight}{14.49998pt}.
(fancyhdr)                You might also make \topmargin smaller:
(fancyhdr)                \addtolength{\topmargin}{-2.49998pt}.

[61]

Package fancyhdr Warning: \headheight is too small (12.0pt): 
(fancyhdr)                Make it at least 14.49998pt, for example:
(fancyhdr)                \setlength{\headheight}{14.49998pt}.
(fancyhdr)                You might also make \topmargin smaller:
(fancyhdr)                \addtolength{\topmargin}{-2.49998pt}.

[62]
\openout2 = `diagramas-uml-section.aux'.

 (diagramas-uml-section.tex
<Images/diagramas-uml/casos-de-uso/modulo-auth.pdf, id=841, 615.0478pt x 828.09375pt>
File: Images/diagramas-uml/casos-de-uso/modulo-auth.pdf Graphic file (type pdf)
<use Images/diagramas-uml/casos-de-uso/modulo-auth.pdf>
Package pdftex.def Info: Images/diagramas-uml/casos-de-uso/modulo-auth.pdf  used on input line 19.
(pdftex.def)             Requested size: 424.82521pt x 571.99182pt.
<Images/diagramas-uml/casos-de-uso/modulo-productos.pdf, id=843, 938.00438pt x 1227.08438pt>
File: Images/diagramas-uml/casos-de-uso/modulo-productos.pdf Graphic file (type pdf)
<use Images/diagramas-uml/casos-de-uso/modulo-productos.pdf>
Package pdftex.def Info: Images/diagramas-uml/casos-de-uso/modulo-productos.pdf  used on input line 28.
(pdftex.def)             Requested size: 424.82521pt x 555.74039pt.
<Images/diagramas-uml/casos-de-uso/modulo-ventas.pdf, id=845, 1367.1075pt x 1059.96pt>
File: Images/diagramas-uml/casos-de-uso/modulo-ventas.pdf Graphic file (type pdf)
<use Images/diagramas-uml/casos-de-uso/modulo-ventas.pdf>
Package pdftex.def Info: Images/diagramas-uml/casos-de-uso/modulo-ventas.pdf  used on input line 37.
(pdftex.def)             Requested size: 424.82521pt x 329.37671pt.
<Images/diagramas-uml/casos-de-uso/modulo-clientes.pdf, id=847, 624.83438pt x 768.62157pt>
File: Images/diagramas-uml/casos-de-uso/modulo-clientes.pdf Graphic file (type pdf)
<use Images/diagramas-uml/casos-de-uso/modulo-clientes.pdf>
Package pdftex.def Info: Images/diagramas-uml/casos-de-uso/modulo-clientes.pdf  used on input line 46.
(pdftex.def)             Requested size: 424.82521pt x 522.5971pt.
<Images/diagramas-uml/casos-de-uso/modulo-reportes.pdf, id=849, 968.11688pt x 889.07156pt>
File: Images/diagramas-uml/casos-de-uso/modulo-reportes.pdf Graphic file (type pdf)
<use Images/diagramas-uml/casos-de-uso/modulo-reportes.pdf>
Package pdftex.def Info: Images/diagramas-uml/casos-de-uso/modulo-reportes.pdf  used on input line 55.
(pdftex.def)             Requested size: 424.82521pt x 390.13454pt.
<Images/diagramas-uml/casos-de-uso/modulo-configuracion.pdf, id=851, 923.70094pt x 724.95844pt>
File: Images/diagramas-uml/casos-de-uso/modulo-configuracion.pdf Graphic file (type pdf)
<use Images/diagramas-uml/casos-de-uso/modulo-configuracion.pdf>
Package pdftex.def Info: Images/diagramas-uml/casos-de-uso/modulo-configuracion.pdf  used on input line 64.
(pdftex.def)             Requested size: 424.82521pt x 333.41855pt.
<Images/diagramas-uml/casos-de-uso/modulo-categorias.pdf, id=853, 904.1278pt x 692.5875pt>
File: Images/diagramas-uml/casos-de-uso/modulo-categorias.pdf Graphic file (type pdf)
<use Images/diagramas-uml/casos-de-uso/modulo-categorias.pdf>
Package pdftex.def Info: Images/diagramas-uml/casos-de-uso/modulo-categorias.pdf  used on input line 73.
(pdftex.def)             Requested size: 424.82521pt x 325.42105pt.


Package fancyhdr Warning: \headheight is too small (12.0pt): 
(fancyhdr)                Make it at least 14.49998pt, for example:
(fancyhdr)                \setlength{\headheight}{14.49998pt}.
(fancyhdr)                You might also make \topmargin smaller:
(fancyhdr)                \addtolength{\topmargin}{-2.49998pt}.

[63

]

Package fancyhdr Warning: \headheight is too small (12.0pt): 
(fancyhdr)                Make it at least 14.49998pt, for example:
(fancyhdr)                \setlength{\headheight}{14.49998pt}.
(fancyhdr)                You might also make \topmargin smaller:
(fancyhdr)                \addtolength{\topmargin}{-2.49998pt}.

[64 <./Images/diagramas-uml/casos-de-uso/modulo-auth.pdf>]

Package fancyhdr Warning: \headheight is too small (12.0pt): 
(fancyhdr)                Make it at least 14.49998pt, for example:
(fancyhdr)                \setlength{\headheight}{14.49998pt}.
(fancyhdr)                You might also make \topmargin smaller:
(fancyhdr)                \addtolength{\topmargin}{-2.49998pt}.

[65 <./Images/diagramas-uml/casos-de-uso/modulo-productos.pdf>]

Package fancyhdr Warning: \headheight is too small (12.0pt): 
(fancyhdr)                Make it at least 14.49998pt, for example:
(fancyhdr)                \setlength{\headheight}{14.49998pt}.
(fancyhdr)                You might also make \topmargin smaller:
(fancyhdr)                \addtolength{\topmargin}{-2.49998pt}.

[66 <./Images/diagramas-uml/casos-de-uso/modulo-ventas.pdf>]

Package fancyhdr Warning: \headheight is too small (12.0pt): 
(fancyhdr)                Make it at least 14.49998pt, for example:
(fancyhdr)                \setlength{\headheight}{14.49998pt}.
(fancyhdr)                You might also make \topmargin smaller:
(fancyhdr)                \addtolength{\topmargin}{-2.49998pt}.

[67 <./Images/diagramas-uml/casos-de-uso/modulo-clientes.pdf>]

Package fancyhdr Warning: \headheight is too small (12.0pt): 
(fancyhdr)                Make it at least 14.49998pt, for example:
(fancyhdr)                \setlength{\headheight}{14.49998pt}.
(fancyhdr)                You might also make \topmargin smaller:
(fancyhdr)                \addtolength{\topmargin}{-2.49998pt}.

[68 <./Images/diagramas-uml/casos-de-uso/modulo-reportes.pdf>]

Package fancyhdr Warning: \headheight is too small (12.0pt): 
(fancyhdr)                Make it at least 14.49998pt, for example:
(fancyhdr)                \setlength{\headheight}{14.49998pt}.
(fancyhdr)                You might also make \topmargin smaller:
(fancyhdr)                \addtolength{\topmargin}{-2.49998pt}.

[69 <./Images/diagramas-uml/casos-de-uso/modulo-configuracion.pdf>]
<Images/diagramas-uml/componentes/modulo-auth.pdf, id=914, 775.39688pt x 744.53156pt>
File: Images/diagramas-uml/componentes/modulo-auth.pdf Graphic file (type pdf)
<use Images/diagramas-uml/componentes/modulo-auth.pdf>
Package pdftex.def Info: Images/diagramas-uml/componentes/modulo-auth.pdf  used on input line 86.
(pdftex.def)             Requested size: 401.22942pt x 385.26141pt.


Package fancyhdr Warning: \headheight is too small (12.0pt): 
(fancyhdr)                Make it at least 14.49998pt, for example:
(fancyhdr)                \setlength{\headheight}{14.49998pt}.
(fancyhdr)                You might also make \topmargin smaller:
(fancyhdr)                \addtolength{\topmargin}{-2.49998pt}.

[70 <./Images/diagramas-uml/casos-de-uso/modulo-categorias.pdf>]

Package fancyhdr Warning: \headheight is too small (12.0pt): 
(fancyhdr)                Make it at least 14.49998pt, for example:
(fancyhdr)                \setlength{\headheight}{14.49998pt}.
(fancyhdr)                You might also make \topmargin smaller:
(fancyhdr)                \addtolength{\topmargin}{-2.49998pt}.

[71 <./Images/diagramas-uml/componentes/modulo-auth.pdf>]
<Images/diagramas-uml/componentes/modulo-productos.pdf, id=933, 990.70125pt x 663.22781pt>
File: Images/diagramas-uml/componentes/modulo-productos.pdf Graphic file (type pdf)
<use Images/diagramas-uml/componentes/modulo-productos.pdf>
Package pdftex.def Info: Images/diagramas-uml/componentes/modulo-productos.pdf  used on input line 95.
(pdftex.def)             Requested size: 401.22942pt x 268.60579pt.
<Images/diagramas-uml/componentes/modulo-ventas.pdf, id=935, 919.18407pt x 962.84718pt>
File: Images/diagramas-uml/componentes/modulo-ventas.pdf Graphic file (type pdf)
<use Images/diagramas-uml/componentes/modulo-ventas.pdf>
Package pdftex.def Info: Images/diagramas-uml/componentes/modulo-ventas.pdf  used on input line 104.
(pdftex.def)             Requested size: 401.22942pt x 420.28964pt.
<Images/diagramas-uml/componentes/modulo-clientes.pdf, id=937, 989.94844pt x 619.56468pt>
File: Images/diagramas-uml/componentes/modulo-clientes.pdf Graphic file (type pdf)
<use Images/diagramas-uml/componentes/modulo-clientes.pdf>
Package pdftex.def Info: Images/diagramas-uml/componentes/modulo-clientes.pdf  used on input line 113.
(pdftex.def)             Requested size: 401.22942pt x 251.11139pt.
<Images/diagramas-uml/componentes/modulo-reportes.pdf, id=939, 1349.79282pt x 641.39626pt>
File: Images/diagramas-uml/componentes/modulo-reportes.pdf Graphic file (type pdf)
<use Images/diagramas-uml/componentes/modulo-reportes.pdf>
Package pdftex.def Info: Images/diagramas-uml/componentes/modulo-reportes.pdf  used on input line 122.
(pdftex.def)             Requested size: 401.22942pt x 190.64893pt.


Package fancyhdr Warning: \headheight is too small (12.0pt): 
(fancyhdr)                Make it at least 14.49998pt, for example:
(fancyhdr)                \setlength{\headheight}{14.49998pt}.
(fancyhdr)                You might also make \topmargin smaller:
(fancyhdr)                \addtolength{\topmargin}{-2.49998pt}.

[72 <./Images/diagramas-uml/componentes/modulo-productos.pdf>]

Package fancyhdr Warning: \headheight is too small (12.0pt): 
(fancyhdr)                Make it at least 14.49998pt, for example:
(fancyhdr)                \setlength{\headheight}{14.49998pt}.
(fancyhdr)                You might also make \topmargin smaller:
(fancyhdr)                \addtolength{\topmargin}{-2.49998pt}.

[73 <./Images/diagramas-uml/componentes/modulo-ventas.pdf>]
<Images/diagramas-uml/componentes/modulo-exportaciones.pdf, id=958, 835.62187pt x 654.94687pt>
File: Images/diagramas-uml/componentes/modulo-exportaciones.pdf Graphic file (type pdf)
<use Images/diagramas-uml/componentes/modulo-exportaciones.pdf>
Package pdftex.def Info: Images/diagramas-uml/componentes/modulo-exportaciones.pdf  used on input line 131.
(pdftex.def)             Requested size: 401.22942pt x 314.48087pt.
<Images/diagramas-uml/componentes/modulo-configuracion.pdf, id=960, 1088.56688pt x 667.74469pt>
File: Images/diagramas-uml/componentes/modulo-configuracion.pdf Graphic file (type pdf)
<use Images/diagramas-uml/componentes/modulo-configuracion.pdf>
Package pdftex.def Info: Images/diagramas-uml/componentes/modulo-configuracion.pdf  used on input line 140.
(pdftex.def)             Requested size: 401.22942pt x 246.11409pt.
<Images/diagramas-uml/componentes/modulo-categorias.pdf, id=962, 814.54312pt x 619.56468pt>
File: Images/diagramas-uml/componentes/modulo-categorias.pdf Graphic file (type pdf)
<use Images/diagramas-uml/componentes/modulo-categorias.pdf>
Package pdftex.def Info: Images/diagramas-uml/componentes/modulo-categorias.pdf  used on input line 149.
(pdftex.def)             Requested size: 401.22942pt x 305.18703pt.


Package fancyhdr Warning: \headheight is too small (12.0pt): 
(fancyhdr)                Make it at least 14.49998pt, for example:
(fancyhdr)                \setlength{\headheight}{14.49998pt}.
(fancyhdr)                You might also make \topmargin smaller:
(fancyhdr)                \addtolength{\topmargin}{-2.49998pt}.

[74 <./Images/diagramas-uml/componentes/modulo-clientes.pdf>]

Package fancyhdr Warning: \headheight is too small (12.0pt): 
(fancyhdr)                Make it at least 14.49998pt, for example:
(fancyhdr)                \setlength{\headheight}{14.49998pt}.
(fancyhdr)                You might also make \topmargin smaller:
(fancyhdr)                \addtolength{\topmargin}{-2.49998pt}.

[75 <./Images/diagramas-uml/componentes/modulo-reportes.pdf> <./Images/diagramas-uml/componentes/modulo-exportaciones.pdf>]

Package fancyhdr Warning: \headheight is too small (12.0pt): 
(fancyhdr)                Make it at least 14.49998pt, for example:
(fancyhdr)                \setlength{\headheight}{14.49998pt}.
(fancyhdr)                You might also make \topmargin smaller:
(fancyhdr)                \addtolength{\topmargin}{-2.49998pt}.

[76 <./Images/diagramas-uml/componentes/modulo-configuracion.pdf> <./Images/diagramas-uml/componentes/modulo-categorias.pdf>]
<Images/diagramas-uml/secuencias/flujo-venta.pdf, id=996, 1014.03844pt x 2638.60782pt>
File: Images/diagramas-uml/secuencias/flujo-venta.pdf Graphic file (type pdf)
<use Images/diagramas-uml/secuencias/flujo-venta.pdf>
Package pdftex.def Info: Images/diagramas-uml/secuencias/flujo-venta.pdf  used on input line 162.
(pdftex.def)             Requested size: 472.03122pt x 1228.22838pt.


LaTeX Warning: Float too large for page by 600.02214pt on input line 165.

<Images/diagramas-uml/secuencias/flujo-autenticacion.pdf, id=998, 1145.78062pt x 2016.03188pt>
File: Images/diagramas-uml/secuencias/flujo-autenticacion.pdf Graphic file (type pdf)
<use Images/diagramas-uml/secuencias/flujo-autenticacion.pdf>
Package pdftex.def Info: Images/diagramas-uml/secuencias/flujo-autenticacion.pdf  used on input line 171.
(pdftex.def)             Requested size: 472.03122pt x 830.54675pt.

LaTeX Warning: Float too large for page by 202.34052pt on input line 174.

<Images/diagramas-uml/secuencias/flujo-gestion-productos.pdf, id=1000, 1111.90407pt x 2157.56062pt>
File: Images/diagramas-uml/secuencias/flujo-gestion-productos.pdf Graphic file (type pdf)
<use Images/diagramas-uml/secuencias/flujo-gestion-productos.pdf>
Package pdftex.def Info: Images/diagramas-uml/secuencias/flujo-gestion-productos.pdf  used on input line 180.
(pdftex.def)             Requested size: 472.03122pt x 915.94704pt.

LaTeX Warning: Float too large for page by 287.7408pt on input line 183.

<Images/diagramas-uml/secuencias/flujo-reporte-ventas.pdf, id=1002, 1324.95pt x 2541.495pt>
File: Images/diagramas-uml/secuencias/flujo-reporte-ventas.pdf Graphic file (type pdf)
<use Images/diagramas-uml/secuencias/flujo-reporte-ventas.pdf>
Package pdftex.def Info: Images/diagramas-uml/secuencias/flujo-reporte-ventas.pdf  used on input line 189.
(pdftex.def)             Requested size: 472.03122pt x 905.4364pt.

LaTeX Warning: Float too large for page by 277.23016pt on input line 192.

<Images/diagramas-uml/secuencias/flujo-gestion-usuarios.pdf, id=1004, 1214.28656pt x 2804.22656pt>
File: Images/diagramas-uml/secuencias/flujo-gestion-usuarios.pdf Graphic file (type pdf)
<use Images/diagramas-uml/secuencias/flujo-gestion-usuarios.pdf>
Package pdftex.def Info: Images/diagramas-uml/secuencias/flujo-gestion-usuarios.pdf  used on input line 198.
(pdftex.def)             Requested size: 472.03122pt x 1090.0925pt.

LaTeX Warning: Float too large for page by 461.88626pt on input line 201.


Package fancyhdr Warning: \headheight is too small (12.0pt): 
(fancyhdr)                Make it at least 14.49998pt, for example:
(fancyhdr)                \setlength{\headheight}{14.49998pt}.
(fancyhdr)                You might also make \topmargin smaller:
(fancyhdr)                \addtolength{\topmargin}{-2.49998pt}.

[77]

Package fancyhdr Warning: \headheight is too small (12.0pt): 
(fancyhdr)                Make it at least 14.49998pt, for example:
(fancyhdr)                \setlength{\headheight}{14.49998pt}.
(fancyhdr)                You might also make \topmargin smaller:
(fancyhdr)                \addtolength{\topmargin}{-2.49998pt}.

[78 <./Images/diagramas-uml/secuencias/flujo-venta.pdf>]

Package fancyhdr Warning: \headheight is too small (12.0pt): 
(fancyhdr)                Make it at least 14.49998pt, for example:
(fancyhdr)                \setlength{\headheight}{14.49998pt}.
(fancyhdr)                You might also make \topmargin smaller:
(fancyhdr)                \addtolength{\topmargin}{-2.49998pt}.

[79 <./Images/diagramas-uml/secuencias/flujo-autenticacion.pdf>]

Package fancyhdr Warning: \headheight is too small (12.0pt): 
(fancyhdr)                Make it at least 14.49998pt, for example:
(fancyhdr)                \setlength{\headheight}{14.49998pt}.
(fancyhdr)                You might also make \topmargin smaller:
(fancyhdr)                \addtolength{\topmargin}{-2.49998pt}.

[80 <./Images/diagramas-uml/secuencias/flujo-gestion-productos.pdf>]

Package fancyhdr Warning: \headheight is too small (12.0pt): 
(fancyhdr)                Make it at least 14.49998pt, for example:
(fancyhdr)                \setlength{\headheight}{14.49998pt}.
(fancyhdr)                You might also make \topmargin smaller:
(fancyhdr)                \addtolength{\topmargin}{-2.49998pt}.

[81 <./Images/diagramas-uml/secuencias/flujo-reporte-ventas.pdf>]

Package fancyhdr Warning: \headheight is too small (12.0pt): 
(fancyhdr)                Make it at least 14.49998pt, for example:
(fancyhdr)                \setlength{\headheight}{14.49998pt}.
(fancyhdr)                You might also make \topmargin smaller:
(fancyhdr)                \addtolength{\topmargin}{-2.49998pt}.

[82 <./Images/diagramas-uml/secuencias/flujo-gestion-usuarios.pdf>])

Package fancyhdr Warning: \headheight is too small (12.0pt): 
(fancyhdr)                Make it at least 14.49998pt, for example:
(fancyhdr)                \setlength{\headheight}{14.49998pt}.
(fancyhdr)                You might also make \topmargin smaller:
(fancyhdr)                \addtolength{\topmargin}{-2.49998pt}.

[83]

Package fancyhdr Warning: \headheight is too small (12.0pt): 
(fancyhdr)                Make it at least 14.49998pt, for example:
(fancyhdr)                \setlength{\headheight}{14.49998pt}.
(fancyhdr)                You might also make \topmargin smaller:
(fancyhdr)                \addtolength{\topmargin}{-2.49998pt}.

[84


]

Package fancyhdr Warning: \headheight is too small (12.0pt): 
(fancyhdr)                Make it at least 14.49998pt, for example:
(fancyhdr)                \setlength{\headheight}{14.49998pt}.
(fancyhdr)                You might also make \topmargin smaller:
(fancyhdr)                \addtolength{\topmargin}{-2.49998pt}.

[85]

Package fancyhdr Warning: \headheight is too small (12.0pt): 
(fancyhdr)                Make it at least 14.49998pt, for example:
(fancyhdr)                \setlength{\headheight}{14.49998pt}.
(fancyhdr)                You might also make \topmargin smaller:
(fancyhdr)                \addtolength{\topmargin}{-2.49998pt}.

[86]

Package fancyhdr Warning: \headheight is too small (12.0pt): 
(fancyhdr)                Make it at least 14.49998pt, for example:
(fancyhdr)                \setlength{\headheight}{14.49998pt}.
(fancyhdr)                You might also make \topmargin smaller:
(fancyhdr)                \addtolength{\topmargin}{-2.49998pt}.

[87]

LaTeX Warning: Float too large for page by 56.90077pt on input line 587.


LaTeX Warning: `!h' float specifier changed to `!ht'.


Package fancyhdr Warning: \headheight is too small (12.0pt): 
(fancyhdr)                Make it at least 14.49998pt, for example:
(fancyhdr)                \setlength{\headheight}{14.49998pt}.
(fancyhdr)                You might also make \topmargin smaller:
(fancyhdr)                \addtolength{\topmargin}{-2.49998pt}.

[88]

Package fancyhdr Warning: \headheight is too small (12.0pt): 
(fancyhdr)                Make it at least 14.49998pt, for example:
(fancyhdr)                \setlength{\headheight}{14.49998pt}.
(fancyhdr)                You might also make \topmargin smaller:
(fancyhdr)                \addtolength{\topmargin}{-2.49998pt}.

[89


]

Package fancyhdr Warning: \headheight is too small (12.0pt): 
(fancyhdr)                Make it at least 14.49998pt, for example:
(fancyhdr)                \setlength{\headheight}{14.49998pt}.
(fancyhdr)                You might also make \topmargin smaller:
(fancyhdr)                \addtolength{\topmargin}{-2.49998pt}.

[90]

Package fancyhdr Warning: \headheight is too small (12.0pt): 
(fancyhdr)                Make it at least 14.49998pt, for example:
(fancyhdr)                \setlength{\headheight}{14.49998pt}.
(fancyhdr)                You might also make \topmargin smaller:
(fancyhdr)                \addtolength{\topmargin}{-2.49998pt}.

[91]
<Images/screenshots/01-login.png, id=1088, 1284.8pt x 722.7pt>
File: Images/screenshots/01-login.png Graphic file (type png)
<use Images/screenshots/01-login.png>
Package pdftex.def Info: Images/screenshots/01-login.png  used on input line 710.
(pdftex.def)             Requested size: 401.22942pt x 225.6888pt.
<Images/screenshots/04-inventory.png, id=1089, 1284.8pt x 766.865pt>
File: Images/screenshots/04-inventory.png Graphic file (type png)
<use Images/screenshots/04-inventory.png>
Package pdftex.def Info: Images/screenshots/04-inventory.png  used on input line 719.
(pdftex.def)             Requested size: 401.22942pt x 239.48091pt.


Package fancyhdr Warning: \headheight is too small (12.0pt): 
(fancyhdr)                Make it at least 14.49998pt, for example:
(fancyhdr)                \setlength{\headheight}{14.49998pt}.
(fancyhdr)                You might also make \topmargin smaller:
(fancyhdr)                \addtolength{\topmargin}{-2.49998pt}.

[92 <./Images/screenshots/01-login.png (PNG copy)>]
<Images/screenshots/03-pos.png, id=1094, 1284.8pt x 722.7pt>
File: Images/screenshots/03-pos.png Graphic file (type png)
<use Images/screenshots/03-pos.png>
Package pdftex.def Info: Images/screenshots/03-pos.png  used on input line 728.
(pdftex.def)             Requested size: 401.22942pt x 225.6888pt.
<Images/screenshots/06-customers.png, id=1095, 1284.8pt x 722.7pt>
File: Images/screenshots/06-customers.png Graphic file (type png)
<use Images/screenshots/06-customers.png>
Package pdftex.def Info: Images/screenshots/06-customers.png  used on input line 737.
(pdftex.def)             Requested size: 401.22942pt x 225.6888pt.


Package fancyhdr Warning: \headheight is too small (12.0pt): 
(fancyhdr)                Make it at least 14.49998pt, for example:
(fancyhdr)                \setlength{\headheight}{14.49998pt}.
(fancyhdr)                You might also make \topmargin smaller:
(fancyhdr)                \addtolength{\topmargin}{-2.49998pt}.

[93 <./Images/screenshots/04-inventory.png (PNG copy)> <./Images/screenshots/03-pos.png (PNG copy)>]
<Images/screenshots/02-dashboard.png, id=1100, 1284.8pt x 847.165pt>
File: Images/screenshots/02-dashboard.png Graphic file (type png)
<use Images/screenshots/02-dashboard.png>
Package pdftex.def Info: Images/screenshots/02-dashboard.png  used on input line 746.
(pdftex.def)             Requested size: 401.22942pt x 264.55743pt.


Package fancyhdr Warning: \headheight is too small (12.0pt): 
(fancyhdr)                Make it at least 14.49998pt, for example:
(fancyhdr)                \setlength{\headheight}{14.49998pt}.
(fancyhdr)                You might also make \topmargin smaller:
(fancyhdr)                \addtolength{\topmargin}{-2.49998pt}.

[94 <./Images/screenshots/06-customers.png (PNG copy)> <./Images/screenshots/02-dashboard.png (PNG copy)>]

Package fancyhdr Warning: \headheight is too small (12.0pt): 
(fancyhdr)                Make it at least 14.49998pt, for example:
(fancyhdr)                \setlength{\headheight}{14.49998pt}.
(fancyhdr)                You might also make \topmargin smaller:
(fancyhdr)                \addtolength{\topmargin}{-2.49998pt}.

[95

]

Package fancyhdr Warning: \headheight is too small (12.0pt): 
(fancyhdr)                Make it at least 14.49998pt, for example:
(fancyhdr)                \setlength{\headheight}{14.49998pt}.
(fancyhdr)                You might also make \topmargin smaller:
(fancyhdr)                \addtolength{\topmargin}{-2.49998pt}.

[96]
Underfull \hbox (badness 1264) in paragraph at lines 782--783
[]\T1/ptm/m/n/12 Odoo S.A., ``Odoo -- Open Sour-ce Bu-si-ness Apps,'' 2024. [En lí-nea]. Dis-po-ni-ble en:
 []


Underfull \hbox (badness 10000) in paragraph at lines 794--795
[]\T1/ptm/m/n/12 NestJS Con-tri-bu-tors, ``NestJS Do-cu-men-ta-tion,'' 2024. [En lí-nea]. Dis-po-ni-ble en:
 []


Underfull \hbox (badness 10000) in paragraph at lines 797--798
[]\T1/ptm/m/n/12 Prisma Da-ta, Inc., ``Pris-ma Do-cu-men-ta-tion,'' 2024. [En lí-nea]. Dis-po-ni-ble en:
 []


Underfull \hbox (badness 1931) in paragraph at lines 806--807
[]\T1/ptm/m/n/12 Microsoft Cor-po-ra-tion, ``Ty-peS-cript Do-cu-men-ta-tion,'' 2024. [En lí-nea]. Dis-po-ni-ble en:
 []


Underfull \hbox (badness 10000) in paragraph at lines 809--810
[]\T1/ptm/m/n/12 Cloudinary Ltd., ``Clou-di-nary Do-cu-men-ta-tion,'' 2024. [En lí-nea]. Dis-po-ni-ble en:
 []


Package fancyhdr Warning: \headheight is too small (12.0pt): 
(fancyhdr)                Make it at least 14.49998pt, for example:
(fancyhdr)                \setlength{\headheight}{14.49998pt}.
(fancyhdr)                You might also make \topmargin smaller:
(fancyhdr)                \addtolength{\topmargin}{-2.49998pt}.

[97] (c:\Users\meper\Desktop\Proyecto de Grado\Tesis\Documento-de-Tesis-Latex\build\upbthesis.aux
LaTeX Info: Redefining \. on input line 11.
LaTeX Info: Redefining \% on input line 11.
 (c:\Users\meper\Desktop\Proyecto de Grado\Tesis\Documento-de-Tesis-Latex\build\diagramas-uml-section.aux))
 ***********
LaTeX2e <2025-11-01>
L3 programming layer <2026-04-28>
 ***********


LaTeX Font Warning: Some font shapes were not available, defaults substituted.

Package rerunfilecheck Info: File `upbthesis.out' has not changed.
(rerunfilecheck)             Checksum: 14CAB7FD1A6269178738F273CA62D040;7427.
 ) 
Here is how much of TeX's memory you used:
 19390 strings out of 467683
 320392 string characters out of 5424788
 869937 words of memory out of 5000000
 47910 multiletter control sequences out of 15000+600000
 656911 words of font info for 82 fonts, out of 8000000 for 9000
 1141 hyphenation exceptions out of 8191
 90i,12n,104p,1052b,774s stack positions out of 10000i,1000n,20000p,200000b,200000s
<C:/Program Files/MiKTeX/fonts/type1/urw/courier/ucrr8a.pfb><C:/Program Files/MiKTeX/fonts/type1/urw/times/utmb8a.pfb><C:/Program Files/MiKTeX/fonts/type1/urw/times/utmbi8a.pfb><C:/Program Files/MiKTeX/fonts/type1/urw/times/utmr8a.pfb><C:/Program Files/MiKTeX/fonts/type1/urw/times/utmri8a.pfb>
Output written on "c:\Users\meper\Desktop\Proyecto de Grado\Tesis\Documento-de-Tesis-Latex\build\upbthesis.pdf" (97 pages, 1095270 bytes).
PDF statistics:
 1198 PDF objects out of 1200 (max. 8388607)
 216 named destinations out of 1000 (max. 500000)
 483 words of extra memory for PDF output out of 10000 (max. 10000000)

