\BOOKMARK [1][-]{section.1}{\376\377\000I\000N\000T\000R\000O\000D\000U\000C\000C\000I\000\323\000N}{}% 1
\BOOKMARK [1][-]{section.2}{\376\377\000D\000E\000L\000I\000M\000I\000T\000A\000C\000I\000\323\000N\000\040\000D\000E\000L\000\040\000P\000R\000O\000B\000L\000E\000M\000A}{}% 2
\BOOKMARK [2][-]{subsection.2.1}{\376\377\000S\000i\000t\000u\000a\000c\000i\000\363\000n\000\040\000p\000r\000o\000b\000l\000e\000m\000a}{section.2}% 3
\BOOKMARK [1][-]{section.3}{\376\377\000A\000N\000T\000E\000C\000E\000D\000E\000N\000T\000E\000S}{}% 4
\BOOKMARK [1][-]{section.4}{\376\377\000J\000U\000S\000T\000I\000F\000I\000C\000A\000C\000I\000\323\000N}{}% 5
\BOOKMARK [2][-]{subsection.4.1}{\376\377\000B\000e\000n\000e\000f\000i\000c\000i\000o\000s\000\040\000o\000p\000e\000r\000a\000t\000i\000v\000o\000s\000\040\000p\000a\000r\000a\000\040\000e\000l\000\040\000n\000e\000g\000o\000c\000i\000o}{section.4}% 6
\BOOKMARK [2][-]{subsection.4.2}{\376\377\000V\000a\000l\000o\000r\000\040\000a\000c\000a\000d\000\351\000m\000i\000c\000o}{section.4}% 7
\BOOKMARK [2][-]{subsection.4.3}{\376\377\000I\000m\000p\000a\000c\000t\000o\000\040\000s\000o\000c\000i\000a\000l}{section.4}% 8
\BOOKMARK [2][-]{subsection.4.4}{\376\377\000V\000i\000a\000b\000i\000l\000i\000d\000a\000d\000\040\000t\000\351\000c\000n\000i\000c\000a}{section.4}% 9
\BOOKMARK [1][-]{section.5}{\376\377\000O\000B\000J\000E\000T\000I\000V\000O\000S}{}% 10
\BOOKMARK [2][-]{subsection.5.1}{\376\377\000O\000b\000j\000e\000t\000i\000v\000o\000\040\000g\000e\000n\000e\000r\000a\000l}{section.5}% 11
\BOOKMARK [2][-]{subsection.5.2}{\376\377\000O\000b\000j\000e\000t\000i\000v\000o\000s\000\040\000e\000s\000p\000e\000c\000\355\000f\000i\000c\000o\000s}{section.5}% 12
\BOOKMARK [1][-]{section.6}{\376\377\000M\000A\000R\000C\000O\000\040\000T\000E\000\323\000R\000I\000C\000O}{}% 13
\BOOKMARK [2][-]{subsection.6.1}{\376\377\000M\000a\000r\000c\000o\000\040\000C\000o\000n\000c\000e\000p\000t\000u\000a\000l}{section.6}% 14
\BOOKMARK [3][-]{subsubsection.6.1.1}{\376\377\000A\000r\000q\000u\000i\000t\000e\000c\000t\000u\000r\000a\000\040\000d\000e\000\040\000S\000o\000f\000t\000w\000a\000r\000e}{subsection.6.1}% 15
\BOOKMARK [3][-]{subsubsection.6.1.2}{\376\377\000A\000P\000I\000\040\000R\000E\000S\000T\000\040\000\050\000R\000e\000p\000r\000e\000s\000e\000n\000t\000a\000t\000i\000o\000n\000a\000l\000\040\000S\000t\000a\000t\000e\000\040\000T\000r\000a\000n\000s\000f\000e\000r\000\051}{subsection.6.1}% 16
\BOOKMARK [3][-]{subsubsection.6.1.3}{\376\377\000G\000e\000s\000t\000i\000\363\000n\000\040\000d\000e\000\040\000I\000n\000v\000e\000n\000t\000a\000r\000i\000o\000s}{subsection.6.1}% 17
\BOOKMARK [3][-]{subsubsection.6.1.4}{\376\377\000P\000u\000n\000t\000o\000\040\000d\000e\000\040\000V\000e\000n\000t\000a\000\040\000\050\000P\000O\000S\000\040\000-\000\040\000P\000o\000i\000n\000t\000\040\000o\000f\000\040\000S\000a\000l\000e\000\051}{subsection.6.1}% 18
\BOOKMARK [3][-]{subsubsection.6.1.5}{\376\377\000B\000a\000s\000e\000\040\000d\000e\000\040\000D\000a\000t\000o\000s\000\040\000R\000e\000l\000a\000c\000i\000o\000n\000a\000l}{subsection.6.1}% 19
\BOOKMARK [2][-]{subsection.6.2}{\376\377\000M\000a\000r\000c\000o\000\040\000T\000e\000c\000n\000o\000l\000\363\000g\000i\000c\000o}{section.6}% 20
\BOOKMARK [3][-]{subsubsection.6.2.1}{\376\377\000T\000e\000c\000n\000o\000l\000o\000g\000\355\000a\000s\000\040\000P\000r\000i\000n\000c\000i\000p\000a\000l\000e\000s}{subsection.6.2}% 21
\BOOKMARK [3][-]{subsubsection.6.2.2}{\376\377\000H\000e\000r\000r\000a\000m\000i\000e\000n\000t\000a\000s\000\040\000d\000e\000\040\000A\000p\000o\000y\000o\000\040\000y\000\040\000B\000i\000b\000l\000i\000o\000t\000e\000c\000a\000s\000\040\000C\000o\000m\000p\000l\000e\000m\000e\000n\000t\000a\000r\000i\000a\000s}{subsection.6.2}% 22
\BOOKMARK [3][-]{subsubsection.6.2.3}{\376\377\000J\000u\000s\000t\000i\000f\000i\000c\000a\000c\000i\000\363\000n\000\040\000d\000e\000\040\000l\000a\000\040\000S\000e\000l\000e\000c\000c\000i\000\363\000n\000\040\000T\000e\000c\000n\000o\000l\000\363\000g\000i\000c\000a}{subsection.6.2}% 23
\BOOKMARK [1][-]{section.7}{\376\377\000D\000I\000S\000E\000\321\000O\000\040\000D\000E\000L\000\040\000S\000I\000S\000T\000E\000M\000A}{}% 24
\BOOKMARK [2][-]{subsection.7.1}{\376\377\000D\000i\000a\000g\000r\000a\000m\000a\000s\000\040\000d\000e\000\040\000C\000a\000s\000o\000s\000\040\000d\000e\000\040\000U\000s\000o}{section.7}% 25
\BOOKMARK [2][-]{subsection.7.2}{\376\377\000D\000i\000a\000g\000r\000a\000m\000a\000s\000\040\000d\000e\000\040\000C\000o\000m\000p\000o\000n\000e\000n\000t\000e\000s}{section.7}% 26
\BOOKMARK [2][-]{subsection.7.3}{\376\377\000D\000i\000a\000g\000r\000a\000m\000a\000s\000\040\000d\000e\000\040\000S\000e\000c\000u\000e\000n\000c\000i\000a}{section.7}% 27
\BOOKMARK [2][-]{subsection.7.4}{\376\377\000R\000e\000s\000u\000m\000e\000n\000\040\000d\000e\000l\000\040\000D\000i\000s\000e\000\361\000o}{section.7}% 28
\BOOKMARK [1][-]{section.8}{\376\377\000M\000E\000T\000O\000D\000O\000L\000O\000G\000\315\000A}{}% 29
\BOOKMARK [2][-]{subsection.8.1}{\376\377\000E\000n\000f\000o\000q\000u\000e\000\040\000M\000e\000t\000o\000d\000o\000l\000\363\000g\000i\000c\000o}{section.8}% 30
\BOOKMARK [2][-]{subsection.8.2}{\376\377\000F\000a\000s\000e\000s\000\040\000d\000e\000l\000\040\000P\000r\000o\000y\000e\000c\000t\000o}{section.8}% 31
\BOOKMARK [1][-]{section.9}{\376\377\000P\000R\000E\000S\000U\000P\000U\000E\000S\000T\000O}{}% 32
\BOOKMARK [2][-]{subsection.9.1}{\376\377\000N\000o\000t\000a\000s\000\040\000s\000o\000b\000r\000e\000\040\000e\000l\000\040\000P\000r\000e\000s\000u\000p\000u\000e\000s\000t\000o}{section.9}% 33
\BOOKMARK [1][-]{section.10}{\376\377\000R\000E\000S\000U\000L\000T\000A\000D\000O\000S}{}% 34
\BOOKMARK [2][-]{subsection.10.1}{\376\377\000R\000e\000q\000u\000e\000r\000i\000m\000i\000e\000n\000t\000o\000s\000\040\000d\000e\000l\000\040\000S\000i\000s\000t\000e\000m\000a}{section.10}% 35
\BOOKMARK [2][-]{subsection.10.2}{\376\377\000R\000e\000q\000u\000e\000r\000i\000m\000i\000e\000n\000t\000o\000s\000\040\000F\000u\000n\000c\000i\000o\000n\000a\000l\000e\000s}{section.10}% 36
\BOOKMARK [2][-]{subsection.10.3}{\376\377\000R\000e\000q\000u\000e\000r\000i\000m\000i\000e\000n\000t\000o\000s\000\040\000N\000o\000\040\000F\000u\000n\000c\000i\000o\000n\000a\000l\000e\000s}{section.10}% 37
\BOOKMARK [2][-]{subsection.10.4}{\376\377\000E\000j\000e\000m\000p\000l\000o\000\040\000d\000e\000\040\000u\000n\000a\000\040\000l\000i\000s\000t\000a}{section.10}% 38
\BOOKMARK [2][-]{subsection.10.5}{\376\377\000E\000j\000e\000m\000p\000l\000o\000\040\000d\000e\000\040\000u\000n\000a\000\040\000f\000i\000g\000u\000r\000a}{section.10}% 39
\BOOKMARK [1][-]{section.11}{\376\377\000C\000O\000N\000C\000L\000U\000S\000I\000O\000N\000E\000S}{}% 40
\BOOKMARK [1][-]{section.11}{\376\377\000B\000I\000B\000L\000I\000O\000G\000R\000A\000F\000\315\000A}{}% 41
